===== EXECUTION START =====
END: 20251231  START: 20160101  WORKERS: 20
CODES: 3403
------------------------------------------
===== SLE RAW RUN UI =====
START: 2025-12-13 02:18:29
TOTAL TASKS: 3403
------------------------------------------
[SNAPSHOT] done=0 suc=0 fail=0
[SNAPSHOT] done=0 suc=0 fail=0
[SNAPSHOT] done=0 suc=0 fail=0
[SNAPSHOT] done=0 suc=0 fail=0
[SNAPSHOT] done=0 suc=0 fail=0
[SNAPSHOT] done=0 suc=0 fail=0
[SNAPSHOT] done=0 suc=0 fail=0
[SNAPSHOT] done=0 suc=0 fail=0
[SNAPSHOT] done=6 suc=0 fail=6
[FAIL] 000545 (no_corp_code)
[FAIL] 000547 (no_corp_code)
[FAIL] 009275 (no_corp_code)
[FAIL] 012205 (no_corp_code)
[FAIL] 003415 (no_corp_code)
[FAIL] 003419 (no_corp_code)
[SNAPSHOT] done=6 suc=0 fail=6
[FAIL] 000545 (no_corp_code)
[FAIL] 000547 (no_corp_code)
[FAIL] 009275 (no_corp_code)
[FAIL] 012205 (no_corp_code)
[FAIL] 003415 (no_corp_code)
[FAIL] 003419 (no_corp_code)
[SNAPSHOT] done=6 suc=0 fail=6
[FAIL] 000545 (no_corp_code)
[FAIL] 000547 (no_corp_code)
[FAIL] 009275 (no_corp_code)
[FAIL] 012205 (no_corp_code)
[FAIL] 003415 (no_corp_code)
[FAIL] 003419 (no_corp_code)
[SNAPSHOT] done=6 suc=0 fail=6
[FAIL] 000545 (no_corp_code)
[FAIL] 000547 (no_corp_code)
[FAIL] 009275 (no_corp_code)
[FAIL] 012205 (no_corp_code)
[FAIL] 003415 (no_corp_code)
[FAIL] 003419 (no_corp_code)
[SNAPSHOT] done=6 suc=0 fail=6
[FAIL] 000545 (no_corp_code)
[FAIL] 000547 (no_corp_code)
[FAIL] 009275 (no_corp_code)
[FAIL] 012205 (no_corp_code)
[FAIL] 003415 (no_corp_code)
[FAIL] 003419 (no_corp_code)
[SNAPSHOT] done=6 suc=0 fail=6
[FAIL] 000545 (no_corp_code)
[FAIL] 000547 (no_corp_code)
[FAIL] 009275 (no_corp_code)
[FAIL] 012205 (no_corp_code)
[FAIL] 003415 (no_corp_code)
[FAIL] 003419 (no_corp_code)
[SNAPSHOT] done=6 suc=0 fail=6
[FAIL] 000545 (no_corp_code)
[FAIL] 000547 (no_corp_code)
[FAIL] 009275 (no_corp_code)
[FAIL] 012205 (no_corp_code)
[FAIL] 003415 (no_corp_code)
[FAIL] 003419 (no_corp_code)
[SNAPSHOT] done=6 suc=0 fail=6
[FAIL] 000545 (no_corp_code)
[FAIL] 000547 (no_corp_code)
[FAIL] 009275 (no_corp_code)
[FAIL] 012205 (no_corp_code)
[FAIL] 003415 (no_corp_code)
[FAIL] 003419 (no_corp_code)
[SNAPSHOT] done=6 suc=0 fail=6
[FAIL] 000545 (no_corp_code)
[FAIL] 000547 (no_corp_code)
[FAIL] 009275 (no_corp_code)
[FAIL] 012205 (no_corp_code)
[FAIL] 003415 (no_corp_code)
[FAIL] 003419 (no_corp_code)
[SNAPSHOT] done=6 suc=0 fail=6
[FAIL] 000545 (no_corp_code)
[FAIL] 000547 (no_corp_code)
[FAIL] 009275 (no_corp_code)
[FAIL] 012205 (no_corp_code)
[FAIL] 003415 (no_corp_code)
[FAIL] 003419 (no_corp_code)
[SNAPSHOT] done=6 suc=0 fail=6
[FAIL] 000545 (no_corp_code)
[FAIL] 000547 (no_corp_code)
[FAIL] 009275 (no_corp_code)
[FAIL] 012205 (no_corp_code)
[FAIL] 003415 (no_corp_code)
[FAIL] 003419 (no_corp_code)
[SNAPSHOT] done=6 suc=0 fail=6
[FAIL] 000545 (no_corp_code)
[FAIL] 000547 (no_corp_code)
[FAIL] 009275 (no_corp_code)
[FAIL] 012205 (no_corp_code)
[FAIL] 003415 (no_corp_code)
[FAIL] 003419 (no_corp_code)
[SNAPSHOT] done=6 suc=0 fail=6
[FAIL] 000545 (no_corp_code)
[FAIL] 000547 (no_corp_code)
[FAIL] 009275 (no_corp_code)
[FAIL] 012205 (no_corp_code)
[FAIL] 003415 (no_corp_code)
[FAIL] 003419 (no_corp_code)
[SNAPSHOT] done=6 suc=0 fail=6
[FAIL] 000545 (no_corp_code)
[FAIL] 000547 (no_corp_code)
[FAIL] 009275 (no_corp_code)
[FAIL] 012205 (no_corp_code)
[FAIL] 003415 (no_corp_code)
[FAIL] 003419 (no_corp_code)
[SNAPSHOT] done=6 suc=0 fail=6
[FAIL] 000545 (no_corp_code)
[FAIL] 000547 (no_corp_code)
[FAIL] 009275 (no_corp_code)
[FAIL] 012205 (no_corp_code)
[FAIL] 003415 (no_corp_code)
[FAIL] 003419 (no_corp_code)
[SNAPSHOT] done=6 suc=0 fail=6
[FAIL] 000545 (no_corp_code)
[FAIL] 000547 (no_corp_code)
[FAIL] 009275 (no_corp_code)
[FAIL] 012205 (no_corp_code)
[FAIL] 003415 (no_corp_code)
[FAIL] 003419 (no_corp_code)
[SNAPSHOT] done=6 suc=0 fail=6
[FAIL] 000545 (no_corp_code)
[FAIL] 000547 (no_corp_code)
[FAIL] 009275 (no_corp_code)
[FAIL] 012205 (no_corp_code)
[FAIL] 003415 (no_corp_code)
[FAIL] 003419 (no_corp_code)
[SNAPSHOT] done=6 suc=0 fail=6
[FAIL] 000545 (no_corp_code)
[FAIL] 000547 (no_corp_code)
[FAIL] 009275 (no_corp_code)
[FAIL] 012205 (no_corp_code)
[FAIL] 003415 (no_corp_code)
[FAIL] 003419 (no_corp_code)
[SNAPSHOT] done=6 suc=0 fail=6
[FAIL] 000545 (no_corp_code)
[FAIL] 000547 (no_corp_code)
[FAIL] 009275 (no_corp_code)
[FAIL] 012205 (no_corp_code)
[FAIL] 003415 (no_corp_code)
[FAIL] 003419 (no_corp_code)
[SNAPSHOT] done=6 suc=0 fail=6
[FAIL] 000545 (no_corp_code)
[FAIL] 000547 (no_corp_code)
[FAIL] 009275 (no_corp_code)
[FAIL] 012205 (no_corp_code)
[FAIL] 003415 (no_corp_code)
[FAIL] 003419 (no_corp_code)
[SNAPSHOT] done=6 suc=0 fail=6
[FAIL] 000545 (no_corp_code)
[FAIL] 000547 (no_corp_code)
[FAIL] 009275 (no_corp_code)
[FAIL] 012205 (no_corp_code)
[FAIL] 003415 (no_corp_code)
[FAIL] 003419 (no_corp_code)
[SNAPSHOT] done=6 suc=0 fail=6
[FAIL] 000545 (no_corp_code)
[FAIL] 000547 (no_corp_code)
[FAIL] 009275 (no_corp_code)
[FAIL] 012205 (no_corp_code)
[FAIL] 003415 (no_corp_code)
[FAIL] 003419 (no_corp_code)
[SNAPSHOT] done=6 suc=0 fail=6
[FAIL] 000545 (no_corp_code)
[FAIL] 000547 (no_corp_code)
[FAIL] 009275 (no_corp_code)
[FAIL] 012205 (no_corp_code)
[FAIL] 003415 (no_corp_code)
[FAIL] 003419 (no_corp_code)
[SNAPSHOT] done=6 suc=0 fail=6
[FAIL] 000545 (no_corp_code)
[FAIL] 000547 (no_corp_code)
[FAIL] 009275 (no_corp_code)
[FAIL] 012205 (no_corp_code)
[FAIL] 003415 (no_corp_code)
[FAIL] 003419 (no_corp_code)
