===== SLE RAW RUN UI =====
START: 2025-12-13 01:11:01
TOTAL TASKS: 3403
------------------------------------------
===== EXECUTION START =====
END: 20251231  START: 20160101  WORKERS: 20
CODES: 3403
------------------------------------------
[SNAPSHOT] done=0 suc=0 fail=0
[SNAPSHOT] done=0 suc=0 fail=0
[SNAPSHOT] done=0 suc=0 fail=0
[SNAPSHOT] done=0 suc=0 fail=0
[SNAPSHOT] done=0 suc=0 fail=0
[SNAPSHOT] done=0 suc=0 fail=0
[SNAPSHOT] done=0 suc=0 fail=0
[SNAPSHOT] done=0 suc=0 fail=0
[SNAPSHOT] done=0 suc=0 fail=0
[SNAPSHOT] done=0 suc=0 fail=0
[SNAPSHOT] done=1 suc=0 fail=1
[FAIL] 012205
[SNAPSHOT] done=6 suc=0 fail=6
[FAIL] 012205
[FAIL] 000545
[FAIL] 000547
[FAIL] 003415
[FAIL] 003419
[FAIL] 009275
[SNAPSHOT] done=6 suc=0 fail=6
[FAIL] 012205
[FAIL] 000545
[FAIL] 000547
[FAIL] 003415
[FAIL] 003419
[FAIL] 009275
[SNAPSHOT] done=6 suc=0 fail=6
[FAIL] 012205
[FAIL] 000545
[FAIL] 000547
[FAIL] 003415
[FAIL] 003419
[FAIL] 009275
[SNAPSHOT] done=6 suc=0 fail=6
[FAIL] 012205
[FAIL] 000545
[FAIL] 000547
[FAIL] 003415
[FAIL] 003419
[FAIL] 009275
[SNAPSHOT] done=6 suc=0 fail=6
[FAIL] 012205
[FAIL] 000545
[FAIL] 000547
[FAIL] 003415
[FAIL] 003419
[FAIL] 009275
[SNAPSHOT] done=6 suc=0 fail=6
[FAIL] 012205
[FAIL] 000545
[FAIL] 000547
[FAIL] 003415
[FAIL] 003419
[FAIL] 009275
[SNAPSHOT] done=6 suc=0 fail=6
[FAIL] 012205
[FAIL] 000545
[FAIL] 000547
[FAIL] 003415
[FAIL] 003419
[FAIL] 009275
[SNAPSHOT] done=6 suc=0 fail=6
[FAIL] 012205
[FAIL] 000545
[FAIL] 000547
[FAIL] 003415
[FAIL] 003419
[FAIL] 009275
[SNAPSHOT] done=6 suc=0 fail=6
[FAIL] 012205
[FAIL] 000545
[FAIL] 000547
[FAIL] 003415
[FAIL] 003419
[FAIL] 009275
[SNAPSHOT] done=6 suc=0 fail=6
[FAIL] 012205
[FAIL] 000545
[FAIL] 000547
[FAIL] 003415
[FAIL] 003419
[FAIL] 009275
[SNAPSHOT] done=6 suc=0 fail=6
[FAIL] 012205
[FAIL] 000545
[FAIL] 000547
[FAIL] 003415
[FAIL] 003419
[FAIL] 009275
[SNAPSHOT] done=6 suc=0 fail=6
[FAIL] 012205
[FAIL] 000545
[FAIL] 000547
[FAIL] 003415
[FAIL] 003419
[FAIL] 009275
[SNAPSHOT] done=6 suc=0 fail=6
[FAIL] 012205
[FAIL] 000545
[FAIL] 000547
[FAIL] 003415
[FAIL] 003419
[FAIL] 009275
[SNAPSHOT] done=6 suc=0 fail=6
[FAIL] 012205
[FAIL] 000545
[FAIL] 000547
[FAIL] 003415
[FAIL] 003419
[FAIL] 009275
[SNAPSHOT] done=6 suc=0 fail=6
[FAIL] 012205
[FAIL] 000545
[FAIL] 000547
[FAIL] 003415
[FAIL] 003419
[FAIL] 009275
[SNAPSHOT] done=6 suc=0 fail=6
[FAIL] 012205
[FAIL] 000545
[FAIL] 000547
[FAIL] 003415
[FAIL] 003419
[FAIL] 009275
[SNAPSHOT] done=6 suc=0 fail=6
[FAIL] 012205
[FAIL] 000545
[FAIL] 000547
[FAIL] 003415
[FAIL] 003419
[FAIL] 009275
[SNAPSHOT] done=6 suc=0 fail=6
[FAIL] 012205
[FAIL] 000545
[FAIL] 000547
[FAIL] 003415
[FAIL] 003419
[FAIL] 009275
[SNAPSHOT] done=6 suc=0 fail=6
[FAIL] 012205
[FAIL] 000545
[FAIL] 000547
[FAIL] 003415
[FAIL] 003419
[FAIL] 009275
[SNAPSHOT] done=6 suc=0 fail=6
[FAIL] 012205
[FAIL] 000545
[FAIL] 000547
[FAIL] 003415
[FAIL] 003419
[FAIL] 009275
[SNAPSHOT] done=6 suc=0 fail=6
[FAIL] 012205
[FAIL] 000545
[FAIL] 000547
[FAIL] 003415
[FAIL] 003419
[FAIL] 009275
[SNAPSHOT] done=6 suc=0 fail=6
[FAIL] 012205
[FAIL] 000545
[FAIL] 000547
[FAIL] 003415
[FAIL] 003419
[FAIL] 009275
[SNAPSHOT] done=6 suc=0 fail=6
[FAIL] 012205
[FAIL] 000545
[FAIL] 000547
[FAIL] 003415
[FAIL] 003419
[FAIL] 009275
[SNAPSHOT] done=6 suc=0 fail=6
[FAIL] 012205
[FAIL] 000545
[FAIL] 000547
[FAIL] 003415
[FAIL] 003419
[FAIL] 009275
[SNAPSHOT] done=6 suc=0 fail=6
[FAIL] 012205
[FAIL] 000545
[FAIL] 000547
[FAIL] 003415
[FAIL] 003419
[FAIL] 009275
[SNAPSHOT] done=6 suc=0 fail=6
[FAIL] 012205
[FAIL] 000545
[FAIL] 000547
[FAIL] 003415
[FAIL] 003419
[FAIL] 009275
[SNAPSHOT] done=6 suc=0 fail=6
[FAIL] 012205
[FAIL] 000545
[FAIL] 000547
[FAIL] 003415
[FAIL] 003419
[FAIL] 009275
[SNAPSHOT] done=6 suc=0 fail=6
[FAIL] 012205
[FAIL] 000545
[FAIL] 000547
[FAIL] 003415
[FAIL] 003419
[FAIL] 009275
[SNAPSHOT] done=6 suc=0 fail=6
[FAIL] 012205
[FAIL] 000545
[FAIL] 000547
[FAIL] 003415
[FAIL] 003419
[FAIL] 009275
[SNAPSHOT] done=6 suc=0 fail=6
[FAIL] 012205
[FAIL] 000545
[FAIL] 000547
[FAIL] 003415
[FAIL] 003419
[FAIL] 009275
[SNAPSHOT] done=6 suc=0 fail=6
[FAIL] 012205
[FAIL] 000545
[FAIL] 000547
[FAIL] 003415
[FAIL] 003419
[FAIL] 009275
[SNAPSHOT] done=6 suc=0 fail=6
[FAIL] 012205
[FAIL] 000545
[FAIL] 000547
[FAIL] 003415
[FAIL] 003419
[FAIL] 009275
[SNAPSHOT] done=400 suc=0 fail=396
[FAIL] 108860
[FAIL] 109070
[FAIL] 109080
[FAIL] 271560
[FAIL] 271740
[FAIL] 271780
[FAIL] 271830
[FAIL] 271850
[FAIL] 271940
[FAIL] 271980
[SNAPSHOT] done=780 suc=0 fail=768
[FAIL] 284620
[FAIL] 284740
[FAIL] 285130
[FAIL] 285490
[FAIL] 285770
[FAIL] 285800
[FAIL] 286000
[FAIL] 286750
[FAIL] 286940
[FAIL] 287410
[SNAPSHOT] done=780 suc=0 fail=768
[FAIL] 296160
[FAIL] 296520
[FAIL] 296640
[FAIL] 297090
[FAIL] 297570
[FAIL] 297890
[FAIL] 298000
[FAIL] 298020
[FAIL] 298040
[FAIL] 298050
[SNAPSHOT] done=780 suc=0 fail=768
[FAIL] 308080
[FAIL] 308100
[FAIL] 308170
[FAIL] 308430
[FAIL] 308700
[FAIL] 309710
[FAIL] 309900
[FAIL] 309930
[FAIL] 309960
[FAIL] 310200
[SNAPSHOT] done=780 suc=0 fail=768
[FAIL] 319660
[FAIL] 320000
[FAIL] 321260
[FAIL] 321370
[FAIL] 321550
[FAIL] 321820
[FAIL] 322000
[FAIL] 322180
[FAIL] 322190
[FAIL] 322310
[SNAPSHOT] done=780 suc=0 fail=768
[FAIL] 335810
[FAIL] 335870
[FAIL] 335890
[FAIL] 336040
[FAIL] 336060
[FAIL] 336260
[FAIL] 336370
[FAIL] 336570
[FAIL] 336680
[FAIL] 337450
[SNAPSHOT] done=780 suc=0 fail=768
[FAIL] 101140
[FAIL] 342550
[FAIL] 139670
[FAIL] 342870
[FAIL] 101160
[FAIL] 139990
[FAIL] 343090
[FAIL] 101170
[FAIL] 343510
[FAIL] 140070
[SNAPSHOT] done=780 suc=0 fail=768
[FAIL] 102260
[FAIL] 348080
[FAIL] 141080
[FAIL] 102280
[FAIL] 348150
[FAIL] 142210
[FAIL] 102370
[FAIL] 348210
[FAIL] 142280
[FAIL] 348340
[SNAPSHOT] done=780 suc=0 fail=768
[FAIL] 361670
[FAIL] 352700
[FAIL] 362320
[FAIL] 352770
[FAIL] 362990
[FAIL] 352820
[FAIL] 363250
[FAIL] 352910
[FAIL] 352940
[FAIL] 363260
[SNAPSHOT] done=780 suc=0 fail=768
[FAIL] 367460
[FAIL] 110790
[FAIL] 376980
[FAIL] 355690
[FAIL] 367480
[FAIL] 110990
[FAIL] 377030
[FAIL] 368030
[FAIL] 356680
[FAIL] 111110
[SNAPSHOT] done=780 suc=0 fail=768
[FAIL] 377740
[FAIL] 358570
[FAIL] 112610
[FAIL] 378340
[FAIL] 373110
[FAIL] 359090
[FAIL] 378800
[FAIL] 113810
[FAIL] 360070
[FAIL] 373160
[SNAPSHOT] done=780 suc=0 fail=768
[FAIL] 382840
[FAIL] 115390
[FAIL] 163730
[FAIL] 382900
[FAIL] 115440
[FAIL] 164060
[FAIL] 383220
[FAIL] 388610
[FAIL] 165270
[FAIL] 383310
[SNAPSHOT] done=780 suc=0 fail=768
[FAIL] 389470
[FAIL] 405100
[FAIL] 388220
[FAIL] 131760
[FAIL] 169670
[FAIL] 389500
[FAIL] 189860
[FAIL] 170030
[FAIL] 131970
[FAIL] 405350
[SNAPSHOT] done=780 suc=0 fail=768
[FAIL] 393890
[FAIL] 408920
[FAIL] 436530
[FAIL] 172580
[FAIL] 192080
[FAIL] 419530
[FAIL] 135160
[FAIL] 436610
[FAIL] 192240
[FAIL] 393970
[SNAPSHOT] done=780 suc=0 fail=768
[FAIL] 252990
[FAIL] 136540
[FAIL] 175140
[FAIL] 413390
[FAIL] 396300
[FAIL] 424140
[FAIL] 136660
[FAIL] 253450
[FAIL] 439250
[FAIL] 192530
[SNAPSHOT] done=780 suc=0 fail=768
[FAIL] 176750
[FAIL] 138040
[FAIL] 397810
[FAIL] 425290
[FAIL] 254490
[FAIL] 194480
[FAIL] 440200
[FAIL] 138070
[FAIL] 397880
[FAIL] 416180
[SNAPSHOT] done=780 suc=0 fail=768
[FAIL] 256630
[FAIL] 148930
[FAIL] 417500
[FAIL] 138490
[FAIL] 195870
[FAIL] 442130
[FAIL] 402030
[FAIL] 225650
[FAIL] 430220
[FAIL] 256840
[SNAPSHOT] done=780 suc=0 fail=768
[FAIL] 226340
[FAIL] 443250
[FAIL] 138930
[FAIL] 196450
[FAIL] 139050
[FAIL] 150440
[FAIL] 418210
[FAIL] 443670
[FAIL] 448370
[FAIL] 226350
[SNAPSHOT] done=780 suc=0 fail=768
[FAIL] 448760
[FAIL] 445360
[FAIL] 198080
[FAIL] 433530
[FAIL] 258790
[FAIL] 226950
[FAIL] 153360
[FAIL] 445680
[FAIL] 448780
[FAIL] 434190
[SNAPSHOT] done=780 suc=0 fail=768
[FAIL] 179290
[FAIL] 446440
[FAIL] 199430
[FAIL] 450080
[FAIL] 463480
[FAIL] 227840
[FAIL] 200130
[FAIL] 435620
[FAIL] 456010
[FAIL] 179440
[SNAPSHOT] done=780 suc=0 fail=768
[FAIL] 475830
[FAIL] 261780
[FAIL] 450940
[FAIL] 464580
[FAIL] 446840
[FAIL] 475960
[FAIL] 450950
[FAIL] 155960
[FAIL] 456440
[FAIL] 476040
[SNAPSHOT] done=780 suc=0 fail=768
[FAIL] 460930
[FAIL] 481890
[FAIL] 460940
[FAIL] 482520
[FAIL] 461030
[FAIL] 482630
[FAIL] 461300
[FAIL] 482680
[FAIL] 462020
[FAIL] 482690
===== SLE RAW RUN UI =====
START: 2025-12-13 01:26:01
TOTAL TASKS: 3403
------------------------------------------
===== EXECUTION START =====
END: 20251231  START: 20160101  WORKERS: 20
CODES: 3403
------------------------------------------
[SNAPSHOT] done=0 suc=0 fail=0
[SNAPSHOT] done=0 suc=0 fail=0
[SNAPSHOT] done=0 suc=0 fail=0
[SNAPSHOT] done=0 suc=0 fail=0
[SNAPSHOT] done=0 suc=0 fail=0
[SNAPSHOT] done=0 suc=0 fail=0
[SNAPSHOT] done=0 suc=0 fail=0
[SNAPSHOT] done=0 suc=0 fail=0
[SNAPSHOT] done=0 suc=0 fail=0
[SNAPSHOT] done=0 suc=0 fail=0
[SNAPSHOT] done=0 suc=0 fail=0
[SNAPSHOT] done=0 suc=0 fail=0
[SNAPSHOT] done=0 suc=0 fail=0
[SNAPSHOT] done=0 suc=0 fail=0
[SNAPSHOT] done=0 suc=0 fail=0
[SNAPSHOT] done=0 suc=0 fail=0
[SNAPSHOT] done=0 suc=0 fail=0
[SNAPSHOT] done=0 suc=0 fail=0
[SNAPSHOT] done=0 suc=0 fail=0
[SNAPSHOT] done=0 suc=0 fail=0
===== SLE RAW RUN UI =====
START: 2025-12-13 01:39:51
TOTAL TASKS: 3403
------------------------------------------
===== EXECUTION START =====
END: 20251231  START: 20160101  WORKERS: 20
CODES: 3403
------------------------------------------
[SNAPSHOT] done=0 suc=0 fail=0
[SNAPSHOT] done=0 suc=0 fail=0
[SNAPSHOT] done=0 suc=0 fail=0
[SNAPSHOT] done=0 suc=0 fail=0
[SNAPSHOT] done=0 suc=0 fail=0
[SNAPSHOT] done=0 suc=0 fail=0
[SNAPSHOT] done=0 suc=0 fail=0
[SNAPSHOT] done=0 suc=0 fail=0
[SNAPSHOT] done=0 suc=0 fail=0
[SNAPSHOT] done=6 suc=0 fail=6
[FAIL] 000545
[FAIL] 000547
[FAIL] 003415
[FAIL] 003419
[FAIL] 012205
[FAIL] 009275
[SNAPSHOT] done=6 suc=0 fail=6
[FAIL] 000545
[FAIL] 000547
[FAIL] 003415
[FAIL] 003419
[FAIL] 012205
[FAIL] 009275
[SNAPSHOT] done=6 suc=0 fail=6
[FAIL] 000545
[FAIL] 000547
[FAIL] 003415
[FAIL] 003419
[FAIL] 012205
[FAIL] 009275
[SNAPSHOT] done=6 suc=0 fail=6
[FAIL] 000545
[FAIL] 000547
[FAIL] 003415
[FAIL] 003419
[FAIL] 012205
[FAIL] 009275
[SNAPSHOT] done=6 suc=0 fail=6
[FAIL] 000545
[FAIL] 000547
[FAIL] 003415
[FAIL] 003419
[FAIL] 012205
[FAIL] 009275
[SNAPSHOT] done=6 suc=0 fail=6
[FAIL] 000545
[FAIL] 000547
[FAIL] 003415
[FAIL] 003419
[FAIL] 012205
[FAIL] 009275
[SNAPSHOT] done=6 suc=0 fail=6
[FAIL] 000545
[FAIL] 000547
[FAIL] 003415
[FAIL] 003419
[FAIL] 012205
[FAIL] 009275
[SNAPSHOT] done=6 suc=0 fail=6
[FAIL] 000545
[FAIL] 000547
[FAIL] 003415
[FAIL] 003419
[FAIL] 012205
[FAIL] 009275
[SNAPSHOT] done=6 suc=0 fail=6
[FAIL] 000545
[FAIL] 000547
[FAIL] 003415
[FAIL] 003419
[FAIL] 012205
[FAIL] 009275
[SNAPSHOT] done=6 suc=0 fail=6
[FAIL] 000545
[FAIL] 000547
[FAIL] 003415
[FAIL] 003419
[FAIL] 012205
[FAIL] 009275
[SNAPSHOT] done=6 suc=0 fail=6
[FAIL] 000545
[FAIL] 000547
[FAIL] 003415
[FAIL] 003419
[FAIL] 012205
[FAIL] 009275
[SNAPSHOT] done=6 suc=0 fail=6
[FAIL] 000545
[FAIL] 000547
[FAIL] 003415
[FAIL] 003419
[FAIL] 012205
[FAIL] 009275
[SNAPSHOT] done=6 suc=0 fail=6
[FAIL] 000545
[FAIL] 000547
[FAIL] 003415
[FAIL] 003419
[FAIL] 012205
[FAIL] 009275
[SNAPSHOT] done=6 suc=0 fail=6
[FAIL] 000545
[FAIL] 000547
[FAIL] 003415
[FAIL] 003419
[FAIL] 012205
[FAIL] 009275
[SNAPSHOT] done=6 suc=0 fail=6
[FAIL] 000545
[FAIL] 000547
[FAIL] 003415
[FAIL] 003419
[FAIL] 012205
[FAIL] 009275
[SNAPSHOT] done=6 suc=0 fail=6
[FAIL] 000545
[FAIL] 000547
[FAIL] 003415
[FAIL] 003419
[FAIL] 012205
[FAIL] 009275
[SNAPSHOT] done=6 suc=0 fail=6
[FAIL] 000545
[FAIL] 000547
[FAIL] 003415
[FAIL] 003419
[FAIL] 012205
[FAIL] 009275
[SNAPSHOT] done=6 suc=0 fail=6
[FAIL] 000545
[FAIL] 000547
[FAIL] 003415
[FAIL] 003419
[FAIL] 012205
[FAIL] 009275
[SNAPSHOT] done=6 suc=0 fail=6
[FAIL] 000545
[FAIL] 000547
[FAIL] 003415
[FAIL] 003419
[FAIL] 012205
[FAIL] 009275
[SNAPSHOT] done=6 suc=0 fail=6
[FAIL] 000545
[FAIL] 000547
[FAIL] 003415
[FAIL] 003419
[FAIL] 012205
[FAIL] 009275
[SNAPSHOT] done=6 suc=0 fail=6
[FAIL] 000545
[FAIL] 000547
[FAIL] 003415
[FAIL] 003419
[FAIL] 012205
[FAIL] 009275
[SNAPSHOT] done=6 suc=0 fail=6
[FAIL] 000545
[FAIL] 000547
[FAIL] 003415
[FAIL] 003419
[FAIL] 012205
[FAIL] 009275
[SNAPSHOT] done=6 suc=0 fail=6
[FAIL] 000545
[FAIL] 000547
[FAIL] 003415
[FAIL] 003419
[FAIL] 012205
[FAIL] 009275
[SNAPSHOT] done=6 suc=0 fail=6
[FAIL] 000545
[FAIL] 000547
[FAIL] 003415
[FAIL] 003419
[FAIL] 012205
[FAIL] 009275
[SNAPSHOT] done=6 suc=0 fail=6
[FAIL] 000545
[FAIL] 000547
[FAIL] 003415
[FAIL] 003419
[FAIL] 012205
[FAIL] 009275
[SNAPSHOT] done=6 suc=0 fail=6
[FAIL] 000545
[FAIL] 000547
[FAIL] 003415
[FAIL] 003419
[FAIL] 012205
[FAIL] 009275
[SNAPSHOT] done=6 suc=0 fail=6
[FAIL] 000545
[FAIL] 000547
[FAIL] 003415
[FAIL] 003419
[FAIL] 012205
[FAIL] 009275
[SNAPSHOT] done=6 suc=0 fail=6
[FAIL] 000545
[FAIL] 000547
[FAIL] 003415
[FAIL] 003419
[FAIL] 012205
[FAIL] 009275
[SNAPSHOT] done=6 suc=0 fail=6
[FAIL] 000545
[FAIL] 000547
[FAIL] 003415
[FAIL] 003419
[FAIL] 012205
[FAIL] 009275
[SNAPSHOT] done=6 suc=0 fail=6
[FAIL] 000545
[FAIL] 000547
[FAIL] 003415
[FAIL] 003419
[FAIL] 012205
[FAIL] 009275
[SNAPSHOT] done=6 suc=0 fail=6
[FAIL] 000545
[FAIL] 000547
[FAIL] 003415
[FAIL] 003419
[FAIL] 012205
[FAIL] 009275
[SNAPSHOT] done=6 suc=0 fail=6
[FAIL] 000545
[FAIL] 000547
[FAIL] 003415
[FAIL] 003419
[FAIL] 012205
[FAIL] 009275
[SNAPSHOT] done=6 suc=0 fail=6
[FAIL] 000545
[FAIL] 000547
[FAIL] 003415
[FAIL] 003419
[FAIL] 012205
[FAIL] 009275
[SNAPSHOT] done=6 suc=0 fail=6
[FAIL] 000545
[FAIL] 000547
[FAIL] 003415
[FAIL] 003419
[FAIL] 012205
[FAIL] 009275
[SNAPSHOT] done=430 suc=0 fail=447
[FAIL] 039420
[FAIL] 043370
[FAIL] 047920
[FAIL] 048260
[FAIL] 048410
[FAIL] 048430
[FAIL] 048470
[FAIL] 048530
[FAIL] 048550
[FAIL] 048770
[SNAPSHOT] done=845 suc=0 fail=869
[FAIL] 101360
[FAIL] 101390
[FAIL] 101400
[FAIL] 101490
[FAIL] 101530
[FAIL] 101670
[FAIL] 101680
[FAIL] 101730
[FAIL] 101930
[FAIL] 101970
[SNAPSHOT] done=845 suc=0 fail=869
[FAIL] 104120
[FAIL] 067160
[FAIL] 104200
[FAIL] 067170
[FAIL] 104460
[FAIL] 067280
[FAIL] 104480
[FAIL] 067290
[FAIL] 104540
[FAIL] 067310
[SNAPSHOT] done=845 suc=0 fail=869
[FAIL] 108860
[FAIL] 109070
[FAIL] 109080
[FAIL] 109610
[FAIL] 052600
[FAIL] 109670
[FAIL] 052670
[FAIL] 109740
[FAIL] 052690
[FAIL] 109820
[SNAPSHOT] done=845 suc=0 fail=869
[FAIL] 111710
[FAIL] 050120
[FAIL] 053110
[FAIL] 059120
[FAIL] 118000
[FAIL] 111770
[FAIL] 050320
[FAIL] 118990
[FAIL] 053160
[FAIL] 059210
[SNAPSHOT] done=845 suc=0 fail=869
[FAIL] 112610
[FAIL] 053450
[FAIL] 064290
[FAIL] 051310
[FAIL] 060300
[FAIL] 120115
[FAIL] 113810
[FAIL] 064350
[FAIL] 053580
[FAIL] 068290
[SNAPSHOT] done=845 suc=0 fail=869
[FAIL] 114630
[FAIL] 064800
[FAIL] 121800
[FAIL] 053690
[FAIL] 051600
[FAIL] 068875
[FAIL] 114810
[FAIL] 064820
[FAIL] 060590
[FAIL] 053700
[SNAPSHOT] done=845 suc=0 fail=869
[FAIL] 054040
[FAIL] 115390
[FAIL] 082390
[FAIL] 078890
[FAIL] 084990
[FAIL] 051915
[FAIL] 122450
[FAIL] 069330
[FAIL] 115440
[FAIL] 054050
[SNAPSHOT] done=845 suc=0 fail=869
[FAIL] 082850
[FAIL] 122870
[FAIL] 061460
[FAIL] 069540
[FAIL] 052260
[FAIL] 079000
[FAIL] 072990
[FAIL] 054220
[FAIL] 085670
[FAIL] 082920
[SNAPSHOT] done=845 suc=0 fail=869
[FAIL] 073240
[FAIL] 079370
[FAIL] 086060
[FAIL] 052400
[FAIL] 062970
[FAIL] 069960
[FAIL] 123260
[FAIL] 079430
[FAIL] 054410
[FAIL] 065500
[SNAPSHOT] done=845 suc=0 fail=869
[FAIL] 079810
[FAIL] 083470
[FAIL] 065570
[FAIL] 073640
[FAIL] 071055
[FAIL] 131370
[FAIL] 054670
[FAIL] 086280
[FAIL] 063760
[FAIL] 123690
===== SLE RAW RUN UI =====
START: 2025-12-13 01:44:06
TOTAL TASKS: 3403
------------------------------------------
----------
[SNAPSHOT] done=0 suc=0 fail=0
===== END =====
END TIME: 2025-12-13 01:44:07
TOTAL: 3403  SUCCESS: 0  FAIL: 0
------------------------------------------
===== SLE RAW RUN UI =====
START: 2025-12-13 01:47:23
TOTAL TASKS: 3403
------------------------------------------
===== EXECUTION START =====
END: 20251231  START: 20160101  WORKERS: 20
CODES: 3403
------------------------------------------
[SNAPSHOT] done=0 suc=0 fail=0
[SNAPSHOT] done=0 suc=0 fail=0
[SNAPSHOT] done=0 suc=0 fail=0
[SNAPSHOT] done=0 suc=0 fail=0
[SNAPSHOT] done=0 suc=0 fail=0
[SNAPSHOT] done=0 suc=0 fail=0
[SNAPSHOT] done=0 suc=0 fail=0
[SNAPSHOT] done=0 suc=0 fail=0
[SNAPSHOT] done=0 suc=0 fail=0
[SNAPSHOT] done=6 suc=0 fail=6
[FAIL] 003415
[FAIL] 003419
[FAIL] 009275
[FAIL] 000545
[FAIL] 000547
[FAIL] 012205
[SNAPSHOT] done=6 suc=0 fail=6
[FAIL] 003415
[FAIL] 003419
[FAIL] 009275
[FAIL] 000545
[FAIL] 000547
[FAIL] 012205
[SNAPSHOT] done=6 suc=0 fail=6
[FAIL] 003415
[FAIL] 003419
[FAIL] 009275
[FAIL] 000545
[FAIL] 000547
[FAIL] 012205
[SNAPSHOT] done=6 suc=0 fail=6
[FAIL] 003415
[FAIL] 003419
[FAIL] 009275
[FAIL] 000545
[FAIL] 000547
[FAIL] 012205
[SNAPSHOT] done=6 suc=0 fail=6
[FAIL] 003415
[FAIL] 003419
[FAIL] 009275
[FAIL] 000545
[FAIL] 000547
[FAIL] 012205
[SNAPSHOT] done=6 suc=0 fail=6
[FAIL] 003415
[FAIL] 003419
[FAIL] 009275
[FAIL] 000545
[FAIL] 000547
[FAIL] 012205
[SNAPSHOT] done=6 suc=0 fail=6
[FAIL] 003415
[FAIL] 003419
[FAIL] 009275
[FAIL] 000545
[FAIL] 000547
[FAIL] 012205
[SNAPSHOT] done=6 suc=0 fail=6
[FAIL] 003415
[FAIL] 003419
[FAIL] 009275
[FAIL] 000545
[FAIL] 000547
[FAIL] 012205
[SNAPSHOT] done=6 suc=0 fail=6
[FAIL] 003415
[FAIL] 003419
[FAIL] 009275
[FAIL] 000545
[FAIL] 000547
[FAIL] 012205
[SNAPSHOT] done=6 suc=0 fail=6
[FAIL] 003415
[FAIL] 003419
[FAIL] 009275
[FAIL] 000545
[FAIL] 000547
[FAIL] 012205
[SNAPSHOT] done=6 suc=0 fail=6
[FAIL] 003415
[FAIL] 003419
[FAIL] 009275
[FAIL] 000545
[FAIL] 000547
[FAIL] 012205
[SNAPSHOT] done=6 suc=0 fail=6
[FAIL] 003415
[FAIL] 003419
[FAIL] 009275
[FAIL] 000545
[FAIL] 000547
[FAIL] 012205
[SNAPSHOT] done=6 suc=0 fail=6
[FAIL] 003415
[FAIL] 003419
[FAIL] 009275
[FAIL] 000545
[FAIL] 000547
[FAIL] 012205
[SNAPSHOT] done=6 suc=0 fail=6
[FAIL] 003415
[FAIL] 003419
[FAIL] 009275
[FAIL] 000545
[FAIL] 000547
[FAIL] 012205
[SNAPSHOT] done=6 suc=0 fail=6
[FAIL] 003415
[FAIL] 003419
[FAIL] 009275
[FAIL] 000545
[FAIL] 000547
[FAIL] 012205
[SNAPSHOT] done=6 suc=0 fail=6
[FAIL] 003415
[FAIL] 003419
[FAIL] 009275
[FAIL] 000545
[FAIL] 000547
[FAIL] 012205
[SNAPSHOT] done=6 suc=0 fail=6
[FAIL] 003415
[FAIL] 003419
[FAIL] 009275
[FAIL] 000545
[FAIL] 000547
[FAIL] 012205
[SNAPSHOT] done=6 suc=0 fail=6
[FAIL] 003415
[FAIL] 003419
[FAIL] 009275
[FAIL] 000545
[FAIL] 000547
[FAIL] 012205
[SNAPSHOT] done=6 suc=0 fail=6
[FAIL] 003415
[FAIL] 003419
[FAIL] 009275
[FAIL] 000545
[FAIL] 000547
[FAIL] 012205
[SNAPSHOT] done=6 suc=0 fail=6
[FAIL] 003415
[FAIL] 003419
[FAIL] 009275
[FAIL] 000545
[FAIL] 000547
[FAIL] 012205
[SNAPSHOT] done=6 suc=0 fail=6
[FAIL] 003415
[FAIL] 003419
[FAIL] 009275
[FAIL] 000545
[FAIL] 000547
[FAIL] 012205
[SNAPSHOT] done=6 suc=0 fail=6
[FAIL] 003415
[FAIL] 003419
[FAIL] 009275
[FAIL] 000545
[FAIL] 000547
[FAIL] 012205
[SNAPSHOT] done=6 suc=0 fail=6
[FAIL] 003415
[FAIL] 003419
[FAIL] 009275
[FAIL] 000545
[FAIL] 000547
[FAIL] 012205
[SNAPSHOT] done=6 suc=0 fail=6
[FAIL] 003415
[FAIL] 003419
[FAIL] 009275
[FAIL] 000545
[FAIL] 000547
[FAIL] 012205
[SNAPSHOT] done=6 suc=0 fail=6
[FAIL] 003415
[FAIL] 003419
[FAIL] 009275
[FAIL] 000545
[FAIL] 000547
[FAIL] 012205
[SNAPSHOT] done=6 suc=0 fail=6
[FAIL] 003415
[FAIL] 003419
[FAIL] 009275
[FAIL] 000545
[FAIL] 000547
[FAIL] 012205
[SNAPSHOT] done=6 suc=0 fail=6
[FAIL] 003415
[FAIL] 003419
[FAIL] 009275
[FAIL] 000545
[FAIL] 000547
[FAIL] 012205
[SNAPSHOT] done=6 suc=0 fail=6
[FAIL] 003415
[FAIL] 003419
[FAIL] 009275
[FAIL] 000545
[FAIL] 000547
[FAIL] 012205
[SNAPSHOT] done=6 suc=0 fail=6
[FAIL] 003415
[FAIL] 003419
[FAIL] 009275
[FAIL] 000545
[FAIL] 000547
[FAIL] 012205
[SNAPSHOT] done=6 suc=0 fail=6
[FAIL] 003415
[FAIL] 003419
[FAIL] 009275
[FAIL] 000545
[FAIL] 000547
[FAIL] 012205
[SNAPSHOT] done=6 suc=0 fail=6
[FAIL] 003415
[FAIL] 003419
[FAIL] 009275
[FAIL] 000545
[FAIL] 000547
[FAIL] 012205
[SNAPSHOT] done=6 suc=0 fail=6
[FAIL] 003415
[FAIL] 003419
[FAIL] 009275
[FAIL] 000545
[FAIL] 000547
[FAIL] 012205
[SNAPSHOT] done=6 suc=0 fail=6
[FAIL] 003415
[FAIL] 003419
[FAIL] 009275
[FAIL] 000545
[FAIL] 000547
[FAIL] 012205
[SNAPSHOT] done=6 suc=0 fail=6
[FAIL] 003415
[FAIL] 003419
[FAIL] 009275
[FAIL] 000545
[FAIL] 000547
[FAIL] 012205
[SNAPSHOT] done=6 suc=0 fail=6
[FAIL] 003415
[FAIL] 003419
[FAIL] 009275
[FAIL] 000545
[FAIL] 000547
[FAIL] 012205
[SNAPSHOT] done=6 suc=0 fail=6
[FAIL] 003415
[FAIL] 003419
[FAIL] 009275
[FAIL] 000545
[FAIL] 000547
[FAIL] 012205
[SNAPSHOT] done=6 suc=0 fail=6
[FAIL] 003415
[FAIL] 003419
[FAIL] 009275
[FAIL] 000545
[FAIL] 000547
[FAIL] 012205
[SNAPSHOT] done=6 suc=0 fail=6
[FAIL] 003415
[FAIL] 003419
[FAIL] 009275
[FAIL] 000545
[FAIL] 000547
[FAIL] 012205
[SNAPSHOT] done=6 suc=0 fail=6
[FAIL] 003415
[FAIL] 003419
[FAIL] 009275
[FAIL] 000545
[FAIL] 000547
[FAIL] 012205
[SNAPSHOT] done=6 suc=0 fail=6
[FAIL] 003415
[FAIL] 003419
[FAIL] 009275
[FAIL] 000545
[FAIL] 000547
[FAIL] 012205
[SNAPSHOT] done=6 suc=0 fail=6
[FAIL] 003415
[FAIL] 003419
[FAIL] 009275
[FAIL] 000545
[FAIL] 000547
[FAIL] 012205
[SNAPSHOT] done=6 suc=0 fail=6
[FAIL] 003415
[FAIL] 003419
[FAIL] 009275
[FAIL] 000545
[FAIL] 000547
[FAIL] 012205
[SNAPSHOT] done=6 suc=0 fail=6
[FAIL] 003415
[FAIL] 003419
[FAIL] 009275
[FAIL] 000545
[FAIL] 000547
[FAIL] 012205
[SNAPSHOT] done=6 suc=0 fail=6
[FAIL] 003415
[FAIL] 003419
[FAIL] 009275
[FAIL] 000545
[FAIL] 000547
[FAIL] 012205
[SNAPSHOT] done=6 suc=0 fail=6
[FAIL] 003415
[FAIL] 003419
[FAIL] 009275
[FAIL] 000545
[FAIL] 000547
[FAIL] 012205
[SNAPSHOT] done=6 suc=0 fail=6
[FAIL] 003415
[FAIL] 003419
[FAIL] 009275
[FAIL] 000545
[FAIL] 000547
[FAIL] 012205
[SNAPSHOT] done=6 suc=0 fail=6
[FAIL] 003415
[FAIL] 003419
[FAIL] 009275
[FAIL] 000545
[FAIL] 000547
[FAIL] 012205
[SNAPSHOT] done=6 suc=0 fail=6
[FAIL] 003415
[FAIL] 003419
[FAIL] 009275
[FAIL] 000545
[FAIL] 000547
[FAIL] 012205
[SNAPSHOT] done=6 suc=0 fail=6
[FAIL] 003415
[FAIL] 003419
[FAIL] 009275
[FAIL] 000545
[FAIL] 000547
[FAIL] 012205
[SNAPSHOT] done=6 suc=0 fail=6
[FAIL] 003415
[FAIL] 003419
[FAIL] 009275
[FAIL] 000545
[FAIL] 000547
[FAIL] 012205
[SNAPSHOT] done=6 suc=0 fail=6
[FAIL] 003415
[FAIL] 003419
[FAIL] 009275
[FAIL] 000545
[FAIL] 000547
[FAIL] 012205
[SNAPSHOT] done=6 suc=0 fail=6
[FAIL] 003415
[FAIL] 003419
[FAIL] 009275
[FAIL] 000545
[FAIL] 000547
[FAIL] 012205
[SNAPSHOT] done=6 suc=0 fail=6
[FAIL] 003415
[FAIL] 003419
[FAIL] 009275
[FAIL] 000545
[FAIL] 000547
[FAIL] 012205
[SNAPSHOT] done=6 suc=0 fail=6
[FAIL] 003415
[FAIL] 003419
[FAIL] 009275
[FAIL] 000545
[FAIL] 000547
[FAIL] 012205
[SNAPSHOT] done=6 suc=0 fail=6
[FAIL] 003415
[FAIL] 003419
[FAIL] 009275
[FAIL] 000545
[FAIL] 000547
[FAIL] 012205
[SNAPSHOT] done=6 suc=0 fail=6
[FAIL] 003415
[FAIL] 003419
[FAIL] 009275
[FAIL] 000545
[FAIL] 000547
[FAIL] 012205
[SNAPSHOT] done=6 suc=0 fail=6
[FAIL] 003415
[FAIL] 003419
[FAIL] 009275
[FAIL] 000545
[FAIL] 000547
[FAIL] 012205
[SNAPSHOT] done=6 suc=0 fail=6
[FAIL] 003415
[FAIL] 003419
[FAIL] 009275
[FAIL] 000545
[FAIL] 000547
[FAIL] 012205
[SNAPSHOT] done=6 suc=0 fail=6
[FAIL] 003415
[FAIL] 003419
[FAIL] 009275
[FAIL] 000545
[FAIL] 000547
[FAIL] 012205
[SNAPSHOT] done=6 suc=0 fail=6
[FAIL] 003415
[FAIL] 003419
[FAIL] 009275
[FAIL] 000545
[FAIL] 000547
[FAIL] 012205
[SNAPSHOT] done=6 suc=0 fail=6
[FAIL] 003415
[FAIL] 003419
[FAIL] 009275
[FAIL] 000545
[FAIL] 000547
[FAIL] 012205
[SNAPSHOT] done=6 suc=0 fail=6
[FAIL] 003415
[FAIL] 003419
[FAIL] 009275
[FAIL] 000545
[FAIL] 000547
[FAIL] 012205
[SNAPSHOT] done=6 suc=0 fail=6
[FAIL] 003415
[FAIL] 003419
[FAIL] 009275
[FAIL] 000545
[FAIL] 000547
[FAIL] 012205
[SNAPSHOT] done=6 suc=0 fail=6
[FAIL] 003415
[FAIL] 003419
[FAIL] 009275
[FAIL] 000545
[FAIL] 000547
[FAIL] 012205
[SNAPSHOT] done=6 suc=0 fail=6
[FAIL] 003415
[FAIL] 003419
[FAIL] 009275
[FAIL] 000545
[FAIL] 000547
[FAIL] 012205
[SNAPSHOT] done=6 suc=0 fail=6
[FAIL] 003415
[FAIL] 003419
[FAIL] 009275
[FAIL] 000545
[FAIL] 000547
[FAIL] 012205
[SNAPSHOT] done=6 suc=0 fail=6
[FAIL] 003415
[FAIL] 003419
[FAIL] 009275
[FAIL] 000545
[FAIL] 000547
[FAIL] 012205
[SNAPSHOT] done=6 suc=0 fail=6
[FAIL] 003415
[FAIL] 003419
[FAIL] 009275
[FAIL] 000545
[FAIL] 000547
[FAIL] 012205
[SNAPSHOT] done=6 suc=0 fail=6
[FAIL] 003415
[FAIL] 003419
[FAIL] 009275
[FAIL] 000545
[FAIL] 000547
[FAIL] 012205
[SNAPSHOT] done=6 suc=0 fail=6
[FAIL] 003415
[FAIL] 003419
[FAIL] 009275
[FAIL] 000545
[FAIL] 000547
[FAIL] 012205
[SNAPSHOT] done=6 suc=0 fail=6
[FAIL] 003415
[FAIL] 003419
[FAIL] 009275
[FAIL] 000545
[FAIL] 000547
[FAIL] 012205
[SNAPSHOT] done=6 suc=0 fail=6
[FAIL] 003415
[FAIL] 003419
[FAIL] 009275
[FAIL] 000545
[FAIL] 000547
[FAIL] 012205
[SNAPSHOT] done=6 suc=0 fail=6
[FAIL] 003415
[FAIL] 003419
[FAIL] 009275
[FAIL] 000545
[FAIL] 000547
[FAIL] 012205
[SNAPSHOT] done=6 suc=0 fail=6
[FAIL] 003415
[FAIL] 003419
[FAIL] 009275
[FAIL] 000545
[FAIL] 000547
[FAIL] 012205
[SNAPSHOT] done=6 suc=0 fail=6
[FAIL] 003415
[FAIL] 003419
[FAIL] 009275
[FAIL] 000545
[FAIL] 000547
[FAIL] 012205
[SNAPSHOT] done=6 suc=0 fail=6
[FAIL] 003415
[FAIL] 003419
[FAIL] 009275
[FAIL] 000545
[FAIL] 000547
[FAIL] 012205
[SNAPSHOT] done=6 suc=0 fail=6
[FAIL] 003415
[FAIL] 003419
[FAIL] 009275
[FAIL] 000545
[FAIL] 000547
[FAIL] 012205
[SNAPSHOT] done=6 suc=0 fail=6
[FAIL] 003415
[FAIL] 003419
[FAIL] 009275
[FAIL] 000545
[FAIL] 000547
[FAIL] 012205
[SNAPSHOT] done=6 suc=0 fail=6
[FAIL] 003415
[FAIL] 003419
[FAIL] 009275
[FAIL] 000545
[FAIL] 000547
[FAIL] 012205
[SNAPSHOT] done=6 suc=0 fail=6
[FAIL] 003415
[FAIL] 003419
[FAIL] 009275
[FAIL] 000545
[FAIL] 000547
[FAIL] 012205
[SNAPSHOT] done=6 suc=0 fail=6
[FAIL] 003415
[FAIL] 003419
[FAIL] 009275
[FAIL] 000545
[FAIL] 000547
[FAIL] 012205
[SNAPSHOT] done=6 suc=0 fail=6
[FAIL] 003415
[FAIL] 003419
[FAIL] 009275
[FAIL] 000545
[FAIL] 000547
[FAIL] 012205
[SNAPSHOT] done=6 suc=0 fail=6
[FAIL] 003415
[FAIL] 003419
[FAIL] 009275
[FAIL] 000545
[FAIL] 000547
[FAIL] 012205
[SNAPSHOT] done=6 suc=0 fail=6
[FAIL] 003415
[FAIL] 003419
[FAIL] 009275
[FAIL] 000545
[FAIL] 000547
[FAIL] 012205
[SNAPSHOT] done=6 suc=0 fail=6
[FAIL] 003415
[FAIL] 003419
[FAIL] 009275
[FAIL] 000545
[FAIL] 000547
[FAIL] 012205
[SNAPSHOT] done=6 suc=0 fail=6
[FAIL] 003415
[FAIL] 003419
[FAIL] 009275
[FAIL] 000545
[FAIL] 000547
[FAIL] 012205
[SNAPSHOT] done=6 suc=0 fail=6
[FAIL] 003415
[FAIL] 003419
[FAIL] 009275
[FAIL] 000545
[FAIL] 000547
[FAIL] 012205
[SNAPSHOT] done=6 suc=0 fail=6
[FAIL] 003415
[FAIL] 003419
[FAIL] 009275
[FAIL] 000545
[FAIL] 000547
[FAIL] 012205
[SNAPSHOT] done=6 suc=0 fail=6
[FAIL] 003415
[FAIL] 003419
[FAIL] 009275
[FAIL] 000545
[FAIL] 000547
[FAIL] 012205
[SNAPSHOT] done=6 suc=0 fail=6
[FAIL] 003415
[FAIL] 003419
[FAIL] 009275
[FAIL] 000545
[FAIL] 000547
[FAIL] 012205
[SNAPSHOT] done=6 suc=0 fail=6
[FAIL] 003415
[FAIL] 003419
[FAIL] 009275
[FAIL] 000545
[FAIL] 000547
[FAIL] 012205
[SNAPSHOT] done=6 suc=0 fail=6
[FAIL] 003415
[FAIL] 003419
[FAIL] 009275
[FAIL] 000545
[FAIL] 000547
[FAIL] 012205
[SNAPSHOT] done=6 suc=0 fail=6
[FAIL] 003415
[FAIL] 003419
[FAIL] 009275
[FAIL] 000545
[FAIL] 000547
[FAIL] 012205
[SNAPSHOT] done=6 suc=0 fail=6
[FAIL] 003415
[FAIL] 003419
[FAIL] 009275
[FAIL] 000545
[FAIL] 000547
[FAIL] 012205
[SNAPSHOT] done=6 suc=0 fail=6
[FAIL] 003415
[FAIL] 003419
[FAIL] 009275
[FAIL] 000545
[FAIL] 000547
[FAIL] 012205
[SNAPSHOT] done=6 suc=0 fail=6
[FAIL] 003415
[FAIL] 003419
[FAIL] 009275
[FAIL] 000545
[FAIL] 000547
[FAIL] 012205
[SNAPSHOT] done=6 suc=0 fail=6
[FAIL] 003415
[FAIL] 003419
[FAIL] 009275
[FAIL] 000545
[FAIL] 000547
[FAIL] 012205
[SNAPSHOT] done=6 suc=0 fail=6
[FAIL] 003415
[FAIL] 003419
[FAIL] 009275
[FAIL] 000545
[FAIL] 000547
[FAIL] 012205
[SNAPSHOT] done=6 suc=0 fail=6
[FAIL] 003415
[FAIL] 003419
[FAIL] 009275
[FAIL] 000545
[FAIL] 000547
[FAIL] 012205
[SNAPSHOT] done=6 suc=0 fail=6
[FAIL] 003415
[FAIL] 003419
[FAIL] 009275
[FAIL] 000545
[FAIL] 000547
[FAIL] 012205
[SNAPSHOT] done=6 suc=0 fail=6
[FAIL] 003415
[FAIL] 003419
[FAIL] 009275
[FAIL] 000545
[FAIL] 000547
[FAIL] 012205
===== SLE RAW RUN UI =====
START: 2025-12-13 02:02:39
TOTAL TASKS: 3403
------------------------------------------
===== EXECUTION START =====
END: 20251231  START: 20160101  WORKERS: 20
CODES: 3403
------------------------------------------
[SNAPSHOT] done=0 suc=0 fail=0
[SNAPSHOT] done=0 suc=0 fail=0
[SNAPSHOT] done=0 suc=0 fail=0
[SNAPSHOT] done=0 suc=0 fail=0
[SNAPSHOT] done=0 suc=0 fail=0
[SNAPSHOT] done=0 suc=0 fail=0
[SNAPSHOT] done=0 suc=0 fail=0
[SNAPSHOT] done=0 suc=0 fail=0
[SNAPSHOT] done=3 suc=0 fail=3
[FAIL] 000545 (no_corp_code)
[FAIL] 000547 (no_corp_code)
[FAIL] 009275 (no_corp_code)
[SNAPSHOT] done=6 suc=0 fail=6
[FAIL] 000545 (no_corp_code)
[FAIL] 000547 (no_corp_code)
[FAIL] 009275 (no_corp_code)
[FAIL] 012205 (no_corp_code)
[FAIL] 003415 (no_corp_code)
[FAIL] 003419 (no_corp_code)
[SNAPSHOT] done=6 suc=0 fail=6
[FAIL] 000545 (no_corp_code)
[FAIL] 000547 (no_corp_code)
[FAIL] 009275 (no_corp_code)
[FAIL] 012205 (no_corp_code)
[FAIL] 003415 (no_corp_code)
[FAIL] 003419 (no_corp_code)
[SNAPSHOT] done=6 suc=0 fail=6
[FAIL] 000545 (no_corp_code)
[FAIL] 000547 (no_corp_code)
[FAIL] 009275 (no_corp_code)
[FAIL] 012205 (no_corp_code)
[FAIL] 003415 (no_corp_code)
[FAIL] 003419 (no_corp_code)
[SNAPSHOT] done=6 suc=0 fail=6
[FAIL] 000545 (no_corp_code)
[FAIL] 000547 (no_corp_code)
[FAIL] 009275 (no_corp_code)
[FAIL] 012205 (no_corp_code)
[FAIL] 003415 (no_corp_code)
[FAIL] 003419 (no_corp_code)
[SNAPSHOT] done=6 suc=0 fail=6
[FAIL] 000545 (no_corp_code)
[FAIL] 000547 (no_corp_code)
[FAIL] 009275 (no_corp_code)
[FAIL] 012205 (no_corp_code)
[FAIL] 003415 (no_corp_code)
[FAIL] 003419 (no_corp_code)
[SNAPSHOT] done=6 suc=0 fail=6
[FAIL] 000545 (no_corp_code)
[FAIL] 000547 (no_corp_code)
[FAIL] 009275 (no_corp_code)
[FAIL] 012205 (no_corp_code)
[FAIL] 003415 (no_corp_code)
[FAIL] 003419 (no_corp_code)
[SNAPSHOT] done=6 suc=0 fail=6
[FAIL] 000545 (no_corp_code)
[FAIL] 000547 (no_corp_code)
[FAIL] 009275 (no_corp_code)
[FAIL] 012205 (no_corp_code)
[FAIL] 003415 (no_corp_code)
[FAIL] 003419 (no_corp_code)
[SNAPSHOT] done=6 suc=0 fail=6
[FAIL] 000545 (no_corp_code)
[FAIL] 000547 (no_corp_code)
[FAIL] 009275 (no_corp_code)
[FAIL] 012205 (no_corp_code)
[FAIL] 003415 (no_corp_code)
[FAIL] 003419 (no_corp_code)
[SNAPSHOT] done=6 suc=0 fail=6
[FAIL] 000545 (no_corp_code)
[FAIL] 000547 (no_corp_code)
[FAIL] 009275 (no_corp_code)
[FAIL] 012205 (no_corp_code)
[FAIL] 003415 (no_corp_code)
[FAIL] 003419 (no_corp_code)
[SNAPSHOT] done=6 suc=0 fail=6
[FAIL] 000545 (no_corp_code)
[FAIL] 000547 (no_corp_code)
[FAIL] 009275 (no_corp_code)
[FAIL] 012205 (no_corp_code)
[FAIL] 003415 (no_corp_code)
[FAIL] 003419 (no_corp_code)
[SNAPSHOT] done=6 suc=0 fail=6
[FAIL] 000545 (no_corp_code)
[FAIL] 000547 (no_corp_code)
[FAIL] 009275 (no_corp_code)
[FAIL] 012205 (no_corp_code)
[FAIL] 003415 (no_corp_code)
[FAIL] 003419 (no_corp_code)
[SNAPSHOT] done=1071 suc=0 fail=1071
[FAIL] 035200 (no_corp_code)
[FAIL] 035250 (no_corp_code)
[FAIL] 035290 (no_corp_code)
[FAIL] 099390 (no_corp_code)
[FAIL] 099410 (no_corp_code)
[FAIL] 099430 (no_corp_code)
[FAIL] 099440 (no_corp_code)
[FAIL] 099520 (no_corp_code)
[FAIL] 099660 (no_corp_code)
[FAIL] 099750 (no_corp_code)
[SNAPSHOT] done=1732 suc=0 fail=1732
[FAIL] 103230 (no_corp_code)
[FAIL] 103590 (no_corp_code)
[FAIL] 103650 (no_corp_code)
[FAIL] 103660 (no_corp_code)
[FAIL] 103840 (no_corp_code)
[FAIL] 104040 (no_corp_code)
[FAIL] 104110 (no_corp_code)
[FAIL] 104120 (no_corp_code)
[FAIL] 104200 (no_corp_code)
[FAIL] 104460 (no_corp_code)
[SNAPSHOT] done=1732 suc=0 fail=1732
[FAIL] 111110 (no_corp_code)
[FAIL] 111380 (no_corp_code)
[FAIL] 111610 (no_corp_code)
[FAIL] 111710 (no_corp_code)
[FAIL] 111770 (no_corp_code)
[FAIL] 111820 (no_corp_code)
[FAIL] 111870 (no_corp_code)
[FAIL] 112040 (no_corp_code)
[FAIL] 112190 (no_corp_code)
[FAIL] 112240 (no_corp_code)
[SNAPSHOT] done=1732 suc=0 fail=1732
[FAIL] 120240 (no_corp_code)
[FAIL] 120780 (no_corp_code)
[FAIL] 121060 (no_corp_code)
[FAIL] 121440 (no_corp_code)
[FAIL] 121550 (no_corp_code)
[FAIL] 121600 (no_corp_code)
[FAIL] 121800 (no_corp_code)
[FAIL] 121850 (no_corp_code)
[FAIL] 121890 (no_corp_code)
[FAIL] 122050 (no_corp_code)
[SNAPSHOT] done=1732 suc=0 fail=1732
[FAIL] 127710 (no_corp_code)
[FAIL] 127980 (no_corp_code)
[FAIL] 128540 (no_corp_code)
[FAIL] 128660 (no_corp_code)
[FAIL] 128820 (no_corp_code)
[FAIL] 128940 (no_corp_code)
[FAIL] 129260 (no_corp_code)
[FAIL] 129890 (no_corp_code)
[FAIL] 129920 (no_corp_code)
[FAIL] 130500 (no_corp_code)
[SNAPSHOT] done=1732 suc=0 fail=1732
[FAIL] 138290 (no_corp_code)
[FAIL] 138360 (no_corp_code)
[FAIL] 138440 (no_corp_code)
[FAIL] 138490 (no_corp_code)
[FAIL] 138580 (no_corp_code)
[FAIL] 138610 (no_corp_code)
[FAIL] 138690 (no_corp_code)
[FAIL] 138930 (no_corp_code)
[FAIL] 139050 (no_corp_code)
[FAIL] 139130 (no_corp_code)
[SNAPSHOT] done=1732 suc=0 fail=1732
[FAIL] 147760 (no_corp_code)
[FAIL] 147830 (no_corp_code)
[FAIL] 148140 (no_corp_code)
[FAIL] 148150 (no_corp_code)
[FAIL] 148250 (no_corp_code)
[FAIL] 148780 (no_corp_code)
[FAIL] 148930 (no_corp_code)
[FAIL] 149010 (no_corp_code)
[FAIL] 149300 (no_corp_code)
[FAIL] 149940 (no_corp_code)
[SNAPSHOT] done=1732 suc=0 fail=1732
[FAIL] 162120 (no_corp_code)
[FAIL] 162300 (no_corp_code)
[FAIL] 163280 (no_corp_code)
[FAIL] 163430 (no_corp_code)
[FAIL] 163560 (no_corp_code)
[FAIL] 163730 (no_corp_code)
[FAIL] 164060 (no_corp_code)
[FAIL] 165270 (no_corp_code)
[FAIL] 166090 (no_corp_code)
[FAIL] 166480 (no_corp_code)
[SNAPSHOT] done=1732 suc=0 fail=1732
[FAIL] 180400 (no_corp_code)
[FAIL] 180640 (no_corp_code)
[FAIL] 181340 (no_corp_code)
[FAIL] 181710 (no_corp_code)
[FAIL] 181980 (no_corp_code)
[FAIL] 182360 (no_corp_code)
[FAIL] 182400 (no_corp_code)
[FAIL] 182690 (no_corp_code)
[FAIL] 183190 (no_corp_code)
[FAIL] 183300 (no_corp_code)
[SNAPSHOT] done=1732 suc=0 fail=1732
[FAIL] 192820 (no_corp_code)
[FAIL] 193250 (no_corp_code)
[FAIL] 194370 (no_corp_code)
[FAIL] 194480 (no_corp_code)
[FAIL] 194510 (no_corp_code)
[FAIL] 194610 (no_corp_code)
[FAIL] 194700 (no_corp_code)
[FAIL] 194860 (no_corp_code)
[FAIL] 195440 (no_corp_code)
[FAIL] 195500 (no_corp_code)
[SNAPSHOT] done=1732 suc=0 fail=1732
[FAIL] 204320 (no_corp_code)
[FAIL] 204440 (no_corp_code)
[FAIL] 204610 (no_corp_code)
[FAIL] 204620 (no_corp_code)
[FAIL] 204630 (no_corp_code)
[FAIL] 204650 (no_corp_code)
[FAIL] 204690 (no_corp_code)
[FAIL] 204760 (no_corp_code)
[FAIL] 204840 (no_corp_code)
[FAIL] 204990 (no_corp_code)
[SNAPSHOT] done=1732 suc=0 fail=1732
[FAIL] 214180 (no_corp_code)
[FAIL] 214260 (no_corp_code)
[FAIL] 214270 (no_corp_code)
[FAIL] 214310 (no_corp_code)
[FAIL] 214320 (no_corp_code)
[FAIL] 214330 (no_corp_code)
[FAIL] 214370 (no_corp_code)
[FAIL] 214390 (no_corp_code)
[FAIL] 214420 (no_corp_code)
[FAIL] 214430 (no_corp_code)
[SNAPSHOT] done=1732 suc=0 fail=1732
[FAIL] 219550 (no_corp_code)
[FAIL] 219580 (no_corp_code)
[FAIL] 219750 (no_corp_code)
[FAIL] 219860 (no_corp_code)
[FAIL] 219960 (no_corp_code)
[FAIL] 220100 (no_corp_code)
[FAIL] 220110 (no_corp_code)
[FAIL] 220180 (no_corp_code)
[FAIL] 220250 (no_corp_code)
[FAIL] 220260 (no_corp_code)
[SNAPSHOT] done=1732 suc=0 fail=1732
[FAIL] 225860 (no_corp_code)
[FAIL] 226320 (no_corp_code)
[FAIL] 226330 (no_corp_code)
[FAIL] 226340 (no_corp_code)
[FAIL] 226350 (no_corp_code)
[FAIL] 226360 (no_corp_code)
[FAIL] 226400 (no_corp_code)
[FAIL] 226440 (no_corp_code)
[FAIL] 226590 (no_corp_code)
[FAIL] 226610 (no_corp_code)
[SNAPSHOT] done=1732 suc=0 fail=1732
[FAIL] 235010 (no_corp_code)
[FAIL] 235090 (no_corp_code)
[FAIL] 235980 (no_corp_code)
[FAIL] 236030 (no_corp_code)
[FAIL] 236200 (no_corp_code)
[FAIL] 236340 (no_corp_code)
[FAIL] 236810 (no_corp_code)
[FAIL] 237690 (no_corp_code)
[FAIL] 237720 (no_corp_code)
[FAIL] 237750 (no_corp_code)
[SNAPSHOT] done=1732 suc=0 fail=1732
[FAIL] 246690 (no_corp_code)
[FAIL] 246710 (no_corp_code)
[FAIL] 246720 (no_corp_code)
[FAIL] 246830 (no_corp_code)
[FAIL] 246960 (no_corp_code)
[FAIL] 247300 (no_corp_code)
[FAIL] 247540 (no_corp_code)
[FAIL] 247660 (no_corp_code)
[FAIL] 248020 (no_corp_code)
[FAIL] 248070 (no_corp_code)
[SNAPSHOT] done=1732 suc=0 fail=1732
[FAIL] 258610 (no_corp_code)
[FAIL] 258790 (no_corp_code)
[FAIL] 258830 (no_corp_code)
[FAIL] 259630 (no_corp_code)
[FAIL] 259960 (no_corp_code)
[FAIL] 260490 (no_corp_code)
[FAIL] 260660 (no_corp_code)
[FAIL] 260870 (no_corp_code)
[FAIL] 260930 (no_corp_code)
[FAIL] 260970 (no_corp_code)
[SNAPSHOT] done=1732 suc=0 fail=1732
[FAIL] 267790 (no_corp_code)
[FAIL] 267810 (no_corp_code)
[FAIL] 267850 (no_corp_code)
[FAIL] 267980 (no_corp_code)
[FAIL] 268280 (no_corp_code)
[FAIL] 268600 (no_corp_code)
[FAIL] 269620 (no_corp_code)
[FAIL] 270020 (no_corp_code)
[FAIL] 270210 (no_corp_code)
[FAIL] 270520 (no_corp_code)
[SNAPSHOT] done=1732 suc=0 fail=1732
[FAIL] 281410 (no_corp_code)
[FAIL] 281740 (no_corp_code)
[FAIL] 281820 (no_corp_code)
[FAIL] 282330 (no_corp_code)
[FAIL] 282690 (no_corp_code)
[FAIL] 282720 (no_corp_code)
[FAIL] 282880 (no_corp_code)
[FAIL] 283100 (no_corp_code)
[FAIL] 284420 (no_corp_code)
[FAIL] 284610 (no_corp_code)
[SNAPSHOT] done=1732 suc=0 fail=1732
[FAIL] 293490 (no_corp_code)
[FAIL] 293580 (no_corp_code)
[FAIL] 293780 (no_corp_code)
[FAIL] 293940 (no_corp_code)
[FAIL] 294090 (no_corp_code)
[FAIL] 294140 (no_corp_code)
[FAIL] 294570 (no_corp_code)
[FAIL] 294630 (no_corp_code)
[FAIL] 294870 (no_corp_code)
[FAIL] 295310 (no_corp_code)
[SNAPSHOT] done=1732 suc=0 fail=1732
[FAIL] 306200 (no_corp_code)
[FAIL] 306620 (no_corp_code)
[FAIL] 307070 (no_corp_code)
[FAIL] 307160 (no_corp_code)
[FAIL] 307180 (no_corp_code)
[FAIL] 307280 (no_corp_code)
[FAIL] 307750 (no_corp_code)
[FAIL] 307870 (no_corp_code)
[FAIL] 307930 (no_corp_code)
[FAIL] 307950 (no_corp_code)
[SNAPSHOT] done=1732 suc=0 fail=1732
[FAIL] 317860 (no_corp_code)
[FAIL] 317870 (no_corp_code)
[FAIL] 318000 (no_corp_code)
[FAIL] 318010 (no_corp_code)
[FAIL] 318020 (no_corp_code)
[FAIL] 318060 (no_corp_code)
[FAIL] 318160 (no_corp_code)
[FAIL] 318410 (no_corp_code)
[FAIL] 318660 (no_corp_code)
[FAIL] 319400 (no_corp_code)
[SNAPSHOT] done=1732 suc=0 fail=1732
[FAIL] 332190 (no_corp_code)
[FAIL] 332290 (no_corp_code)
[FAIL] 332370 (no_corp_code)
[FAIL] 332570 (no_corp_code)
[FAIL] 332710 (no_corp_code)
[FAIL] 333050 (no_corp_code)
[FAIL] 333430 (no_corp_code)
[FAIL] 333620 (no_corp_code)
[FAIL] 334890 (no_corp_code)
[FAIL] 334970 (no_corp_code)
[SNAPSHOT] done=1732 suc=0 fail=1732
[FAIL] 347770 (no_corp_code)
[FAIL] 347850 (no_corp_code)
[FAIL] 347860 (no_corp_code)
[FAIL] 347890 (no_corp_code)
[FAIL] 348030 (no_corp_code)
[FAIL] 348080 (no_corp_code)
[FAIL] 348150 (no_corp_code)
[FAIL] 348210 (no_corp_code)
[FAIL] 348340 (no_corp_code)
[FAIL] 348350 (no_corp_code)
[SNAPSHOT] done=1732 suc=0 fail=1732
[FAIL] 357780 (no_corp_code)
[FAIL] 357880 (no_corp_code)
[FAIL] 358570 (no_corp_code)
[FAIL] 359090 (no_corp_code)
[FAIL] 360070 (no_corp_code)
[FAIL] 360350 (no_corp_code)
[FAIL] 361390 (no_corp_code)
[FAIL] 361570 (no_corp_code)
[FAIL] 361610 (no_corp_code)
[FAIL] 361670 (no_corp_code)
[SNAPSHOT] done=1732 suc=0 fail=1732
[FAIL] 376270 (no_corp_code)
[FAIL] 376290 (no_corp_code)
[FAIL] 376300 (no_corp_code)
[FAIL] 376900 (no_corp_code)
[FAIL] 376930 (no_corp_code)
[FAIL] 376980 (no_corp_code)
[FAIL] 377030 (no_corp_code)
[FAIL] 377190 (no_corp_code)
[FAIL] 377220 (no_corp_code)
[FAIL] 377300 (no_corp_code)
[SNAPSHOT] done=1732 suc=0 fail=1732
[FAIL] 389140 (no_corp_code)
[FAIL] 389260 (no_corp_code)
[FAIL] 389470 (no_corp_code)
[FAIL] 389500 (no_corp_code)
[FAIL] 389650 (no_corp_code)
[FAIL] 389680 (no_corp_code)
[FAIL] 390110 (no_corp_code)
[FAIL] 391060 (no_corp_code)
[FAIL] 391710 (no_corp_code)
[FAIL] 393210 (no_corp_code)
[SNAPSHOT] done=1732 suc=0 fail=1732
[FAIL] 408900 (no_corp_code)
[FAIL] 408920 (no_corp_code)
[FAIL] 409570 (no_corp_code)
[FAIL] 411080 (no_corp_code)
[FAIL] 412350 (no_corp_code)
[FAIL] 412540 (no_corp_code)
[FAIL] 412930 (no_corp_code)
[FAIL] 413300 (no_corp_code)
[FAIL] 413390 (no_corp_code)
[FAIL] 413600 (no_corp_code)
[SNAPSHOT] done=1732 suc=0 fail=1732
[FAIL] 425420 (no_corp_code)
[FAIL] 426550 (no_corp_code)
[FAIL] 426670 (no_corp_code)
[FAIL] 427950 (no_corp_code)
[FAIL] 429270 (no_corp_code)
[FAIL] 430220 (no_corp_code)
[FAIL] 430230 (no_corp_code)
[FAIL] 430460 (no_corp_code)
[FAIL] 430690 (no_corp_code)
[FAIL] 430700 (no_corp_code)
[SNAPSHOT] done=1732 suc=0 fail=1732
[FAIL] 444530 (no_corp_code)
[FAIL] 444920 (no_corp_code)
[FAIL] 445090 (no_corp_code)
[FAIL] 445180 (no_corp_code)
[FAIL] 445360 (no_corp_code)
[FAIL] 445680 (no_corp_code)
[FAIL] 445970 (no_corp_code)
[FAIL] 446070 (no_corp_code)
[FAIL] 446150 (no_corp_code)
[FAIL] 446190 (no_corp_code)
