===== SLE RAW RUN UI =====
START: 2025-12-13 02:31:23
TOTAL TASKS: 3403
------------------------------------------
===== EXECUTION START =====
END: 20251231  START: 20160101  WORKERS: 20
CODES: 3403
------------------------------------------
[SNAPSHOT] done=0 suc=0 fail=0
[SNAPSHOT] done=0 suc=0 fail=0
[SNAPSHOT] done=0 suc=0 fail=0
[SNAPSHOT] done=0 suc=0 fail=0
[SNAPSHOT] done=0 suc=0 fail=0
[SNAPSHOT] done=0 suc=0 fail=0
[SNAPSHOT] done=0 suc=0 fail=0
[SNAPSHOT] done=0 suc=0 fail=0
[SNAPSHOT] done=6 suc=0 fail=6
[FAIL] 000545 (no_corp_code)
[FAIL] 000547 (no_corp_code)
[FAIL] 012205 (no_corp_code)
[FAIL] 003415 (no_corp_code)
[FAIL] 003419 (no_corp_code)
[FAIL] 009275 (no_corp_code)
[SNAPSHOT] done=6 suc=0 fail=6
[FAIL] 000545 (no_corp_code)
[FAIL] 000547 (no_corp_code)
[FAIL] 012205 (no_corp_code)
[FAIL] 003415 (no_corp_code)
[FAIL] 003419 (no_corp_code)
[FAIL] 009275 (no_corp_code)
[SNAPSHOT] done=6 suc=0 fail=6
[FAIL] 000545 (no_corp_code)
[FAIL] 000547 (no_corp_code)
[FAIL] 012205 (no_corp_code)
[FAIL] 003415 (no_corp_code)
[FAIL] 003419 (no_corp_code)
[FAIL] 009275 (no_corp_code)
[SNAPSHOT] done=6 suc=0 fail=6
[FAIL] 000545 (no_corp_code)
[FAIL] 000547 (no_corp_code)
[FAIL] 012205 (no_corp_code)
[FAIL] 003415 (no_corp_code)
[FAIL] 003419 (no_corp_code)
[FAIL] 009275 (no_corp_code)
[SNAPSHOT] done=6 suc=0 fail=6
[FAIL] 000545 (no_corp_code)
[FAIL] 000547 (no_corp_code)
[FAIL] 012205 (no_corp_code)
[FAIL] 003415 (no_corp_code)
[FAIL] 003419 (no_corp_code)
[FAIL] 009275 (no_corp_code)
[SNAPSHOT] done=6 suc=0 fail=6
[FAIL] 000545 (no_corp_code)
[FAIL] 000547 (no_corp_code)
[FAIL] 012205 (no_corp_code)
[FAIL] 003415 (no_corp_code)
[FAIL] 003419 (no_corp_code)
[FAIL] 009275 (no_corp_code)
[SNAPSHOT] done=6 suc=0 fail=6
[FAIL] 000545 (no_corp_code)
[FAIL] 000547 (no_corp_code)
[FAIL] 012205 (no_corp_code)
[FAIL] 003415 (no_corp_code)
[FAIL] 003419 (no_corp_code)
[FAIL] 009275 (no_corp_code)
[SNAPSHOT] done=6 suc=0 fail=6
[FAIL] 000545 (no_corp_code)
[FAIL] 000547 (no_corp_code)
[FAIL] 012205 (no_corp_code)
[FAIL] 003415 (no_corp_code)
[FAIL] 003419 (no_corp_code)
[FAIL] 009275 (no_corp_code)
[SNAPSHOT] done=6 suc=0 fail=6
[FAIL] 000545 (no_corp_code)
[FAIL] 000547 (no_corp_code)
[FAIL] 012205 (no_corp_code)
[FAIL] 003415 (no_corp_code)
[FAIL] 003419 (no_corp_code)
[FAIL] 009275 (no_corp_code)
[SNAPSHOT] done=6 suc=0 fail=6
[FAIL] 000545 (no_corp_code)
[FAIL] 000547 (no_corp_code)
[FAIL] 012205 (no_corp_code)
[FAIL] 003415 (no_corp_code)
[FAIL] 003419 (no_corp_code)
[FAIL] 009275 (no_corp_code)
[SNAPSHOT] done=6 suc=0 fail=6
[FAIL] 000545 (no_corp_code)
[FAIL] 000547 (no_corp_code)
[FAIL] 012205 (no_corp_code)
[FAIL] 003415 (no_corp_code)
[FAIL] 003419 (no_corp_code)
[FAIL] 009275 (no_corp_code)
[SNAPSHOT] done=6 suc=0 fail=6
[FAIL] 000545 (no_corp_code)
[FAIL] 000547 (no_corp_code)
[FAIL] 012205 (no_corp_code)
[FAIL] 003415 (no_corp_code)
[FAIL] 003419 (no_corp_code)
[FAIL] 009275 (no_corp_code)
[SNAPSHOT] done=6 suc=0 fail=6
[FAIL] 000545 (no_corp_code)
[FAIL] 000547 (no_corp_code)
[FAIL] 012205 (no_corp_code)
[FAIL] 003415 (no_corp_code)
[FAIL] 003419 (no_corp_code)
[FAIL] 009275 (no_corp_code)
[SNAPSHOT] done=6 suc=0 fail=6
[FAIL] 000545 (no_corp_code)
[FAIL] 000547 (no_corp_code)
[FAIL] 012205 (no_corp_code)
[FAIL] 003415 (no_corp_code)
[FAIL] 003419 (no_corp_code)
[FAIL] 009275 (no_corp_code)
[SNAPSHOT] done=6 suc=0 fail=6
[FAIL] 000545 (no_corp_code)
[FAIL] 000547 (no_corp_code)
[FAIL] 012205 (no_corp_code)
[FAIL] 003415 (no_corp_code)
[FAIL] 003419 (no_corp_code)
[FAIL] 009275 (no_corp_code)
[SNAPSHOT] done=6 suc=0 fail=6
[FAIL] 000545 (no_corp_code)
[FAIL] 000547 (no_corp_code)
[FAIL] 012205 (no_corp_code)
[FAIL] 003415 (no_corp_code)
[FAIL] 003419 (no_corp_code)
[FAIL] 009275 (no_corp_code)
[SNAPSHOT] done=6 suc=0 fail=6
[FAIL] 000545 (no_corp_code)
[FAIL] 000547 (no_corp_code)
[FAIL] 012205 (no_corp_code)
[FAIL] 003415 (no_corp_code)
[FAIL] 003419 (no_corp_code)
[FAIL] 009275 (no_corp_code)
[SNAPSHOT] done=6 suc=0 fail=6
[FAIL] 000545 (no_corp_code)
[FAIL] 000547 (no_corp_code)
[FAIL] 012205 (no_corp_code)
[FAIL] 003415 (no_corp_code)
[FAIL] 003419 (no_corp_code)
[FAIL] 009275 (no_corp_code)
[SNAPSHOT] done=6 suc=0 fail=6
[FAIL] 000545 (no_corp_code)
[FAIL] 000547 (no_corp_code)
[FAIL] 012205 (no_corp_code)
[FAIL] 003415 (no_corp_code)
[FAIL] 003419 (no_corp_code)
[FAIL] 009275 (no_corp_code)
[SNAPSHOT] done=6 suc=0 fail=6
[FAIL] 000545 (no_corp_code)
[FAIL] 000547 (no_corp_code)
[FAIL] 012205 (no_corp_code)
[FAIL] 003415 (no_corp_code)
[FAIL] 003419 (no_corp_code)
[FAIL] 009275 (no_corp_code)
[SNAPSHOT] done=6 suc=0 fail=6
[FAIL] 000545 (no_corp_code)
[FAIL] 000547 (no_corp_code)
[FAIL] 012205 (no_corp_code)
[FAIL] 003415 (no_corp_code)
[FAIL] 003419 (no_corp_code)
[FAIL] 009275 (no_corp_code)
[SNAPSHOT] done=6 suc=0 fail=6
[FAIL] 000545 (no_corp_code)
[FAIL] 000547 (no_corp_code)
[FAIL] 012205 (no_corp_code)
[FAIL] 003415 (no_corp_code)
[FAIL] 003419 (no_corp_code)
[FAIL] 009275 (no_corp_code)
[SNAPSHOT] done=6 suc=0 fail=6
[FAIL] 000545 (no_corp_code)
[FAIL] 000547 (no_corp_code)
[FAIL] 012205 (no_corp_code)
[FAIL] 003415 (no_corp_code)
[FAIL] 003419 (no_corp_code)
[FAIL] 009275 (no_corp_code)
[SNAPSHOT] done=6 suc=0 fail=6
[FAIL] 000545 (no_corp_code)
[FAIL] 000547 (no_corp_code)
[FAIL] 012205 (no_corp_code)
[FAIL] 003415 (no_corp_code)
[FAIL] 003419 (no_corp_code)
[FAIL] 009275 (no_corp_code)
[SNAPSHOT] done=6 suc=0 fail=6
[FAIL] 000545 (no_corp_code)
[FAIL] 000547 (no_corp_code)
[FAIL] 012205 (no_corp_code)
[FAIL] 003415 (no_corp_code)
[FAIL] 003419 (no_corp_code)
[FAIL] 009275 (no_corp_code)
[SNAPSHOT] done=6 suc=0 fail=6
[FAIL] 000545 (no_corp_code)
[FAIL] 000547 (no_corp_code)
[FAIL] 012205 (no_corp_code)
[FAIL] 003415 (no_corp_code)
[FAIL] 003419 (no_corp_code)
[FAIL] 009275 (no_corp_code)
[SNAPSHOT] done=6 suc=0 fail=6
[FAIL] 000545 (no_corp_code)
[FAIL] 000547 (no_corp_code)
[FAIL] 012205 (no_corp_code)
[FAIL] 003415 (no_corp_code)
[FAIL] 003419 (no_corp_code)
[FAIL] 009275 (no_corp_code)
[SNAPSHOT] done=6 suc=0 fail=6
[FAIL] 000545 (no_corp_code)
[FAIL] 000547 (no_corp_code)
[FAIL] 012205 (no_corp_code)
[FAIL] 003415 (no_corp_code)
[FAIL] 003419 (no_corp_code)
[FAIL] 009275 (no_corp_code)
[SNAPSHOT] done=6 suc=0 fail=6
[FAIL] 000545 (no_corp_code)
[FAIL] 000547 (no_corp_code)
[FAIL] 012205 (no_corp_code)
[FAIL] 003415 (no_corp_code)
[FAIL] 003419 (no_corp_code)
[FAIL] 009275 (no_corp_code)
[SNAPSHOT] done=6 suc=0 fail=6
[FAIL] 000545 (no_corp_code)
[FAIL] 000547 (no_corp_code)
[FAIL] 012205 (no_corp_code)
[FAIL] 003415 (no_corp_code)
[FAIL] 003419 (no_corp_code)
[FAIL] 009275 (no_corp_code)
[SNAPSHOT] done=6 suc=0 fail=6
[FAIL] 000545 (no_corp_code)
[FAIL] 000547 (no_corp_code)
[FAIL] 012205 (no_corp_code)
[FAIL] 003415 (no_corp_code)
[FAIL] 003419 (no_corp_code)
[FAIL] 009275 (no_corp_code)
[SNAPSHOT] done=6 suc=0 fail=6
[FAIL] 000545 (no_corp_code)
[FAIL] 000547 (no_corp_code)
[FAIL] 012205 (no_corp_code)
[FAIL] 003415 (no_corp_code)
[FAIL] 003419 (no_corp_code)
[FAIL] 009275 (no_corp_code)
[SNAPSHOT] done=6 suc=0 fail=6
[FAIL] 000545 (no_corp_code)
[FAIL] 000547 (no_corp_code)
[FAIL] 012205 (no_corp_code)
[FAIL] 003415 (no_corp_code)
[FAIL] 003419 (no_corp_code)
[FAIL] 009275 (no_corp_code)
[SNAPSHOT] done=6 suc=0 fail=6
[FAIL] 000545 (no_corp_code)
[FAIL] 000547 (no_corp_code)
[FAIL] 012205 (no_corp_code)
[FAIL] 003415 (no_corp_code)
[FAIL] 003419 (no_corp_code)
[FAIL] 009275 (no_corp_code)
[SNAPSHOT] done=6 suc=0 fail=6
[FAIL] 000545 (no_corp_code)
[FAIL] 000547 (no_corp_code)
[FAIL] 012205 (no_corp_code)
[FAIL] 003415 (no_corp_code)
[FAIL] 003419 (no_corp_code)
[FAIL] 009275 (no_corp_code)
[SNAPSHOT] done=6 suc=0 fail=6
[FAIL] 000545 (no_corp_code)
[FAIL] 000547 (no_corp_code)
[FAIL] 012205 (no_corp_code)
[FAIL] 003415 (no_corp_code)
[FAIL] 003419 (no_corp_code)
[FAIL] 009275 (no_corp_code)
[SNAPSHOT] done=6 suc=0 fail=6
[FAIL] 000545 (no_corp_code)
[FAIL] 000547 (no_corp_code)
[FAIL] 012205 (no_corp_code)
[FAIL] 003415 (no_corp_code)
[FAIL] 003419 (no_corp_code)
[FAIL] 009275 (no_corp_code)
[SNAPSHOT] done=6 suc=0 fail=6
[FAIL] 000545 (no_corp_code)
[FAIL] 000547 (no_corp_code)
[FAIL] 012205 (no_corp_code)
[FAIL] 003415 (no_corp_code)
[FAIL] 003419 (no_corp_code)
[FAIL] 009275 (no_corp_code)
[SNAPSHOT] done=6 suc=0 fail=6
[FAIL] 000545 (no_corp_code)
[FAIL] 000547 (no_corp_code)
[FAIL] 012205 (no_corp_code)
[FAIL] 003415 (no_corp_code)
[FAIL] 003419 (no_corp_code)
[FAIL] 009275 (no_corp_code)
[SNAPSHOT] done=6 suc=0 fail=6
[FAIL] 000545 (no_corp_code)
[FAIL] 000547 (no_corp_code)
[FAIL] 012205 (no_corp_code)
[FAIL] 003415 (no_corp_code)
[FAIL] 003419 (no_corp_code)
[FAIL] 009275 (no_corp_code)
[SNAPSHOT] done=6 suc=0 fail=6
[FAIL] 000545 (no_corp_code)
[FAIL] 000547 (no_corp_code)
[FAIL] 012205 (no_corp_code)
[FAIL] 003415 (no_corp_code)
[FAIL] 003419 (no_corp_code)
[FAIL] 009275 (no_corp_code)
[SNAPSHOT] done=6 suc=0 fail=6
[FAIL] 000545 (no_corp_code)
[FAIL] 000547 (no_corp_code)
[FAIL] 012205 (no_corp_code)
[FAIL] 003415 (no_corp_code)
[FAIL] 003419 (no_corp_code)
[FAIL] 009275 (no_corp_code)
[SNAPSHOT] done=6 suc=0 fail=6
[FAIL] 000545 (no_corp_code)
[FAIL] 000547 (no_corp_code)
[FAIL] 012205 (no_corp_code)
[FAIL] 003415 (no_corp_code)
[FAIL] 003419 (no_corp_code)
[FAIL] 009275 (no_corp_code)
[SNAPSHOT] done=6 suc=0 fail=6
[FAIL] 000545 (no_corp_code)
[FAIL] 000547 (no_corp_code)
[FAIL] 012205 (no_corp_code)
[FAIL] 003415 (no_corp_code)
[FAIL] 003419 (no_corp_code)
[FAIL] 009275 (no_corp_code)
[SNAPSHOT] done=6 suc=0 fail=6
[FAIL] 000545 (no_corp_code)
[FAIL] 000547 (no_corp_code)
[FAIL] 012205 (no_corp_code)
[FAIL] 003415 (no_corp_code)
[FAIL] 003419 (no_corp_code)
[FAIL] 009275 (no_corp_code)
[SNAPSHOT] done=6 suc=0 fail=6
[FAIL] 000545 (no_corp_code)
[FAIL] 000547 (no_corp_code)
[FAIL] 012205 (no_corp_code)
[FAIL] 003415 (no_corp_code)
[FAIL] 003419 (no_corp_code)
[FAIL] 009275 (no_corp_code)
[SNAPSHOT] done=6 suc=0 fail=6
[FAIL] 000545 (no_corp_code)
[FAIL] 000547 (no_corp_code)
[FAIL] 012205 (no_corp_code)
[FAIL] 003415 (no_corp_code)
[FAIL] 003419 (no_corp_code)
[FAIL] 009275 (no_corp_code)
[SNAPSHOT] done=6 suc=0 fail=6
[FAIL] 000545 (no_corp_code)
[FAIL] 000547 (no_corp_code)
[FAIL] 012205 (no_corp_code)
[FAIL] 003415 (no_corp_code)
[FAIL] 003419 (no_corp_code)
[FAIL] 009275 (no_corp_code)
[SNAPSHOT] done=6 suc=0 fail=6
[FAIL] 000545 (no_corp_code)
[FAIL] 000547 (no_corp_code)
[FAIL] 012205 (no_corp_code)
[FAIL] 003415 (no_corp_code)
[FAIL] 003419 (no_corp_code)
[FAIL] 009275 (no_corp_code)
[SNAPSHOT] done=6 suc=0 fail=6
[FAIL] 000545 (no_corp_code)
[FAIL] 000547 (no_corp_code)
[FAIL] 012205 (no_corp_code)
[FAIL] 003415 (no_corp_code)
[FAIL] 003419 (no_corp_code)
[FAIL] 009275 (no_corp_code)
[SNAPSHOT] done=6 suc=0 fail=6
[FAIL] 000545 (no_corp_code)
[FAIL] 000547 (no_corp_code)
[FAIL] 012205 (no_corp_code)
[FAIL] 003415 (no_corp_code)
[FAIL] 003419 (no_corp_code)
[FAIL] 009275 (no_corp_code)
[SNAPSHOT] done=6 suc=0 fail=6
[FAIL] 000545 (no_corp_code)
[FAIL] 000547 (no_corp_code)
[FAIL] 012205 (no_corp_code)
[FAIL] 003415 (no_corp_code)
[FAIL] 003419 (no_corp_code)
[FAIL] 009275 (no_corp_code)
[SNAPSHOT] done=6 suc=0 fail=6
[FAIL] 000545 (no_corp_code)
[FAIL] 000547 (no_corp_code)
[FAIL] 012205 (no_corp_code)
[FAIL] 003415 (no_corp_code)
[FAIL] 003419 (no_corp_code)
[FAIL] 009275 (no_corp_code)
[SNAPSHOT] done=6 suc=0 fail=6
[FAIL] 000545 (no_corp_code)
[FAIL] 000547 (no_corp_code)
[FAIL] 012205 (no_corp_code)
[FAIL] 003415 (no_corp_code)
[FAIL] 003419 (no_corp_code)
[FAIL] 009275 (no_corp_code)
[SNAPSHOT] done=6 suc=0 fail=6
[FAIL] 000545 (no_corp_code)
[FAIL] 000547 (no_corp_code)
[FAIL] 012205 (no_corp_code)
[FAIL] 003415 (no_corp_code)
[FAIL] 003419 (no_corp_code)
[FAIL] 009275 (no_corp_code)
[SNAPSHOT] done=6 suc=0 fail=6
[FAIL] 000545 (no_corp_code)
[FAIL] 000547 (no_corp_code)
[FAIL] 012205 (no_corp_code)
[FAIL] 003415 (no_corp_code)
[FAIL] 003419 (no_corp_code)
[FAIL] 009275 (no_corp_code)
[SNAPSHOT] done=6 suc=0 fail=6
[FAIL] 000545 (no_corp_code)
[FAIL] 000547 (no_corp_code)
[FAIL] 012205 (no_corp_code)
[FAIL] 003415 (no_corp_code)
[FAIL] 003419 (no_corp_code)
[FAIL] 009275 (no_corp_code)
[SNAPSHOT] done=6 suc=0 fail=6
[FAIL] 000545 (no_corp_code)
[FAIL] 000547 (no_corp_code)
[FAIL] 012205 (no_corp_code)
[FAIL] 003415 (no_corp_code)
[FAIL] 003419 (no_corp_code)
[FAIL] 009275 (no_corp_code)
[SNAPSHOT] done=6 suc=0 fail=6
[FAIL] 000545 (no_corp_code)
[FAIL] 000547 (no_corp_code)
[FAIL] 012205 (no_corp_code)
[FAIL] 003415 (no_corp_code)
[FAIL] 003419 (no_corp_code)
[FAIL] 009275 (no_corp_code)
[SNAPSHOT] done=6 suc=0 fail=6
[FAIL] 000545 (no_corp_code)
[FAIL] 000547 (no_corp_code)
[FAIL] 012205 (no_corp_code)
[FAIL] 003415 (no_corp_code)
[FAIL] 003419 (no_corp_code)
[FAIL] 009275 (no_corp_code)
[SNAPSHOT] done=6 suc=0 fail=6
[FAIL] 000545 (no_corp_code)
[FAIL] 000547 (no_corp_code)
[FAIL] 012205 (no_corp_code)
[FAIL] 003415 (no_corp_code)
[FAIL] 003419 (no_corp_code)
[FAIL] 009275 (no_corp_code)
[SNAPSHOT] done=6 suc=0 fail=6
[FAIL] 000545 (no_corp_code)
[FAIL] 000547 (no_corp_code)
[FAIL] 012205 (no_corp_code)
[FAIL] 003415 (no_corp_code)
[FAIL] 003419 (no_corp_code)
[FAIL] 009275 (no_corp_code)
[SNAPSHOT] done=6 suc=0 fail=6
[FAIL] 000545 (no_corp_code)
[FAIL] 000547 (no_corp_code)
[FAIL] 012205 (no_corp_code)
[FAIL] 003415 (no_corp_code)
[FAIL] 003419 (no_corp_code)
[FAIL] 009275 (no_corp_code)
[SNAPSHOT] done=6 suc=0 fail=6
[FAIL] 000545 (no_corp_code)
[FAIL] 000547 (no_corp_code)
[FAIL] 012205 (no_corp_code)
[FAIL] 003415 (no_corp_code)
[FAIL] 003419 (no_corp_code)
[FAIL] 009275 (no_corp_code)
[SNAPSHOT] done=6 suc=0 fail=6
[FAIL] 000545 (no_corp_code)
[FAIL] 000547 (no_corp_code)
[FAIL] 012205 (no_corp_code)
[FAIL] 003415 (no_corp_code)
[FAIL] 003419 (no_corp_code)
[FAIL] 009275 (no_corp_code)
[SNAPSHOT] done=6 suc=0 fail=6
[FAIL] 000545 (no_corp_code)
[FAIL] 000547 (no_corp_code)
[FAIL] 012205 (no_corp_code)
[FAIL] 003415 (no_corp_code)
[FAIL] 003419 (no_corp_code)
[FAIL] 009275 (no_corp_code)
[SNAPSHOT] done=6 suc=0 fail=6
[FAIL] 000545 (no_corp_code)
[FAIL] 000547 (no_corp_code)
[FAIL] 012205 (no_corp_code)
[FAIL] 003415 (no_corp_code)
[FAIL] 003419 (no_corp_code)
[FAIL] 009275 (no_corp_code)
[SNAPSHOT] done=6 suc=0 fail=6
[FAIL] 000545 (no_corp_code)
[FAIL] 000547 (no_corp_code)
[FAIL] 012205 (no_corp_code)
[FAIL] 003415 (no_corp_code)
[FAIL] 003419 (no_corp_code)
[FAIL] 009275 (no_corp_code)
[SNAPSHOT] done=6 suc=0 fail=6
[FAIL] 000545 (no_corp_code)
[FAIL] 000547 (no_corp_code)
[FAIL] 012205 (no_corp_code)
[FAIL] 003415 (no_corp_code)
[FAIL] 003419 (no_corp_code)
[FAIL] 009275 (no_corp_code)
[SNAPSHOT] done=6 suc=0 fail=6
[FAIL] 000545 (no_corp_code)
[FAIL] 000547 (no_corp_code)
[FAIL] 012205 (no_corp_code)
[FAIL] 003415 (no_corp_code)
[FAIL] 003419 (no_corp_code)
[FAIL] 009275 (no_corp_code)
[SNAPSHOT] done=6 suc=0 fail=6
[FAIL] 000545 (no_corp_code)
[FAIL] 000547 (no_corp_code)
[FAIL] 012205 (no_corp_code)
[FAIL] 003415 (no_corp_code)
[FAIL] 003419 (no_corp_code)
[FAIL] 009275 (no_corp_code)
[SNAPSHOT] done=6 suc=0 fail=6
[FAIL] 000545 (no_corp_code)
[FAIL] 000547 (no_corp_code)
[FAIL] 012205 (no_corp_code)
[FAIL] 003415 (no_corp_code)
[FAIL] 003419 (no_corp_code)
[FAIL] 009275 (no_corp_code)
[SNAPSHOT] done=6 suc=0 fail=6
[FAIL] 000545 (no_corp_code)
[FAIL] 000547 (no_corp_code)
[FAIL] 012205 (no_corp_code)
[FAIL] 003415 (no_corp_code)
[FAIL] 003419 (no_corp_code)
[FAIL] 009275 (no_corp_code)
[SNAPSHOT] done=6 suc=0 fail=6
[FAIL] 000545 (no_corp_code)
[FAIL] 000547 (no_corp_code)
[FAIL] 012205 (no_corp_code)
[FAIL] 003415 (no_corp_code)
[FAIL] 003419 (no_corp_code)
[FAIL] 009275 (no_corp_code)
[SNAPSHOT] done=6 suc=0 fail=6
[FAIL] 000545 (no_corp_code)
[FAIL] 000547 (no_corp_code)
[FAIL] 012205 (no_corp_code)
[FAIL] 003415 (no_corp_code)
[FAIL] 003419 (no_corp_code)
[FAIL] 009275 (no_corp_code)
[SNAPSHOT] done=6 suc=0 fail=6
[FAIL] 000545 (no_corp_code)
[FAIL] 000547 (no_corp_code)
[FAIL] 012205 (no_corp_code)
[FAIL] 003415 (no_corp_code)
[FAIL] 003419 (no_corp_code)
[FAIL] 009275 (no_corp_code)
[SNAPSHOT] done=6 suc=0 fail=6
[FAIL] 000545 (no_corp_code)
[FAIL] 000547 (no_corp_code)
[FAIL] 012205 (no_corp_code)
[FAIL] 003415 (no_corp_code)
[FAIL] 003419 (no_corp_code)
[FAIL] 009275 (no_corp_code)
[SNAPSHOT] done=6 suc=0 fail=6
[FAIL] 000545 (no_corp_code)
[FAIL] 000547 (no_corp_code)
[FAIL] 012205 (no_corp_code)
[FAIL] 003415 (no_corp_code)
[FAIL] 003419 (no_corp_code)
[FAIL] 009275 (no_corp_code)
[SNAPSHOT] done=6 suc=0 fail=6
[FAIL] 000545 (no_corp_code)
[FAIL] 000547 (no_corp_code)
[FAIL] 012205 (no_corp_code)
[FAIL] 003415 (no_corp_code)
[FAIL] 003419 (no_corp_code)
[FAIL] 009275 (no_corp_code)
[SNAPSHOT] done=6 suc=0 fail=6
[FAIL] 000545 (no_corp_code)
[FAIL] 000547 (no_corp_code)
[FAIL] 012205 (no_corp_code)
[FAIL] 003415 (no_corp_code)
[FAIL] 003419 (no_corp_code)
[FAIL] 009275 (no_corp_code)
[SNAPSHOT] done=6 suc=0 fail=6
[FAIL] 000545 (no_corp_code)
[FAIL] 000547 (no_corp_code)
[FAIL] 012205 (no_corp_code)
[FAIL] 003415 (no_corp_code)
[FAIL] 003419 (no_corp_code)
[FAIL] 009275 (no_corp_code)
[SNAPSHOT] done=6 suc=0 fail=6
[FAIL] 000545 (no_corp_code)
[FAIL] 000547 (no_corp_code)
[FAIL] 012205 (no_corp_code)
[FAIL] 003415 (no_corp_code)
[FAIL] 003419 (no_corp_code)
[FAIL] 009275 (no_corp_code)
[SNAPSHOT] done=6 suc=0 fail=6
[FAIL] 000545 (no_corp_code)
[FAIL] 000547 (no_corp_code)
[FAIL] 012205 (no_corp_code)
[FAIL] 003415 (no_corp_code)
[FAIL] 003419 (no_corp_code)
[FAIL] 009275 (no_corp_code)
[SNAPSHOT] done=6 suc=0 fail=6
[FAIL] 000545 (no_corp_code)
[FAIL] 000547 (no_corp_code)
[FAIL] 012205 (no_corp_code)
[FAIL] 003415 (no_corp_code)
[FAIL] 003419 (no_corp_code)
[FAIL] 009275 (no_corp_code)
[SNAPSHOT] done=6 suc=0 fail=6
[FAIL] 000545 (no_corp_code)
[FAIL] 000547 (no_corp_code)
[FAIL] 012205 (no_corp_code)
[FAIL] 003415 (no_corp_code)
[FAIL] 003419 (no_corp_code)
[FAIL] 009275 (no_corp_code)
[SNAPSHOT] done=6 suc=0 fail=6
[FAIL] 000545 (no_corp_code)
[FAIL] 000547 (no_corp_code)
[FAIL] 012205 (no_corp_code)
[FAIL] 003415 (no_corp_code)
[FAIL] 003419 (no_corp_code)
[FAIL] 009275 (no_corp_code)
[SNAPSHOT] done=6 suc=0 fail=6
[FAIL] 000545 (no_corp_code)
[FAIL] 000547 (no_corp_code)
[FAIL] 012205 (no_corp_code)
[FAIL] 003415 (no_corp_code)
[FAIL] 003419 (no_corp_code)
[FAIL] 009275 (no_corp_code)
[SNAPSHOT] done=6 suc=0 fail=6
[FAIL] 000545 (no_corp_code)
[FAIL] 000547 (no_corp_code)
[FAIL] 012205 (no_corp_code)
[FAIL] 003415 (no_corp_code)
[FAIL] 003419 (no_corp_code)
[FAIL] 009275 (no_corp_code)
[SNAPSHOT] done=6 suc=0 fail=6
[FAIL] 000545 (no_corp_code)
[FAIL] 000547 (no_corp_code)
[FAIL] 012205 (no_corp_code)
[FAIL] 003415 (no_corp_code)
[FAIL] 003419 (no_corp_code)
[FAIL] 009275 (no_corp_code)
[SNAPSHOT] done=6 suc=0 fail=6
[FAIL] 000545 (no_corp_code)
[FAIL] 000547 (no_corp_code)
[FAIL] 012205 (no_corp_code)
[FAIL] 003415 (no_corp_code)
[FAIL] 003419 (no_corp_code)
[FAIL] 009275 (no_corp_code)
[SNAPSHOT] done=6 suc=0 fail=6
[FAIL] 000545 (no_corp_code)
[FAIL] 000547 (no_corp_code)
[FAIL] 012205 (no_corp_code)
[FAIL] 003415 (no_corp_code)
[FAIL] 003419 (no_corp_code)
[FAIL] 009275 (no_corp_code)
[SNAPSHOT] done=6 suc=0 fail=6
[FAIL] 000545 (no_corp_code)
[FAIL] 000547 (no_corp_code)
[FAIL] 012205 (no_corp_code)
[FAIL] 003415 (no_corp_code)
[FAIL] 003419 (no_corp_code)
[FAIL] 009275 (no_corp_code)
[SNAPSHOT] done=6 suc=0 fail=6
[FAIL] 000545 (no_corp_code)
[FAIL] 000547 (no_corp_code)
[FAIL] 012205 (no_corp_code)
[FAIL] 003415 (no_corp_code)
[FAIL] 003419 (no_corp_code)
[FAIL] 009275 (no_corp_code)
[SNAPSHOT] done=6 suc=0 fail=6
[FAIL] 000545 (no_corp_code)
[FAIL] 000547 (no_corp_code)
[FAIL] 012205 (no_corp_code)
[FAIL] 003415 (no_corp_code)
[FAIL] 003419 (no_corp_code)
[FAIL] 009275 (no_corp_code)
[SNAPSHOT] done=6 suc=0 fail=6
[FAIL] 000545 (no_corp_code)
[FAIL] 000547 (no_corp_code)
[FAIL] 012205 (no_corp_code)
[FAIL] 003415 (no_corp_code)
[FAIL] 003419 (no_corp_code)
[FAIL] 009275 (no_corp_code)
[SNAPSHOT] done=6 suc=0 fail=6
[FAIL] 000545 (no_corp_code)
[FAIL] 000547 (no_corp_code)
[FAIL] 012205 (no_corp_code)
[FAIL] 003415 (no_corp_code)
[FAIL] 003419 (no_corp_code)
[FAIL] 009275 (no_corp_code)
[SNAPSHOT] done=6 suc=0 fail=6
[FAIL] 000545 (no_corp_code)
[FAIL] 000547 (no_corp_code)
[FAIL] 012205 (no_corp_code)
[FAIL] 003415 (no_corp_code)
[FAIL] 003419 (no_corp_code)
[FAIL] 009275 (no_corp_code)
[SNAPSHOT] done=6 suc=0 fail=6
[FAIL] 000545 (no_corp_code)
[FAIL] 000547 (no_corp_code)
[FAIL] 012205 (no_corp_code)
[FAIL] 003415 (no_corp_code)
[FAIL] 003419 (no_corp_code)
[FAIL] 009275 (no_corp_code)
[SNAPSHOT] done=6 suc=0 fail=6
[FAIL] 000545 (no_corp_code)
[FAIL] 000547 (no_corp_code)
[FAIL] 012205 (no_corp_code)
[FAIL] 003415 (no_corp_code)
[FAIL] 003419 (no_corp_code)
[FAIL] 009275 (no_corp_code)
[SNAPSHOT] done=6 suc=0 fail=6
[FAIL] 000545 (no_corp_code)
[FAIL] 000547 (no_corp_code)
[FAIL] 012205 (no_corp_code)
[FAIL] 003415 (no_corp_code)
[FAIL] 003419 (no_corp_code)
[FAIL] 009275 (no_corp_code)
[SNAPSHOT] done=6 suc=0 fail=6
[FAIL] 000545 (no_corp_code)
[FAIL] 000547 (no_corp_code)
[FAIL] 012205 (no_corp_code)
[FAIL] 003415 (no_corp_code)
[FAIL] 003419 (no_corp_code)
[FAIL] 009275 (no_corp_code)
[SNAPSHOT] done=6 suc=0 fail=6
[FAIL] 000545 (no_corp_code)
[FAIL] 000547 (no_corp_code)
[FAIL] 012205 (no_corp_code)
[FAIL] 003415 (no_corp_code)
[FAIL] 003419 (no_corp_code)
[FAIL] 009275 (no_corp_code)
[SNAPSHOT] done=6 suc=0 fail=6
[FAIL] 000545 (no_corp_code)
[FAIL] 000547 (no_corp_code)
[FAIL] 012205 (no_corp_code)
[FAIL] 003415 (no_corp_code)
[FAIL] 003419 (no_corp_code)
[FAIL] 009275 (no_corp_code)
[SNAPSHOT] done=6 suc=0 fail=6
[FAIL] 000545 (no_corp_code)
[FAIL] 000547 (no_corp_code)
[FAIL] 012205 (no_corp_code)
[FAIL] 003415 (no_corp_code)
[FAIL] 003419 (no_corp_code)
[FAIL] 009275 (no_corp_code)
[SNAPSHOT] done=6 suc=0 fail=6
[FAIL] 000545 (no_corp_code)
[FAIL] 000547 (no_corp_code)
[FAIL] 012205 (no_corp_code)
[FAIL] 003415 (no_corp_code)
[FAIL] 003419 (no_corp_code)
[FAIL] 009275 (no_corp_code)
[SNAPSHOT] done=6 suc=0 fail=6
[FAIL] 000545 (no_corp_code)
[FAIL] 000547 (no_corp_code)
[FAIL] 012205 (no_corp_code)
[FAIL] 003415 (no_corp_code)
[FAIL] 003419 (no_corp_code)
[FAIL] 009275 (no_corp_code)
[SNAPSHOT] done=6 suc=0 fail=6
[FAIL] 000545 (no_corp_code)
[FAIL] 000547 (no_corp_code)
[FAIL] 012205 (no_corp_code)
[FAIL] 003415 (no_corp_code)
[FAIL] 003419 (no_corp_code)
[FAIL] 009275 (no_corp_code)
[SNAPSHOT] done=6 suc=0 fail=6
[FAIL] 000545 (no_corp_code)
[FAIL] 000547 (no_corp_code)
[FAIL] 012205 (no_corp_code)
[FAIL] 003415 (no_corp_code)
[FAIL] 003419 (no_corp_code)
[FAIL] 009275 (no_corp_code)
[SNAPSHOT] done=6 suc=0 fail=6
[FAIL] 000545 (no_corp_code)
[FAIL] 000547 (no_corp_code)
[FAIL] 012205 (no_corp_code)
[FAIL] 003415 (no_corp_code)
[FAIL] 003419 (no_corp_code)
[FAIL] 009275 (no_corp_code)
[SNAPSHOT] done=8 suc=2 fail=6
[FAIL] 000545 (no_corp_code)
[FAIL] 000547 (no_corp_code)
[FAIL] 012205 (no_corp_code)
[FAIL] 003415 (no_corp_code)
[FAIL] 003419 (no_corp_code)
[FAIL] 009275 (no_corp_code)
[OK] 025880
[OK] 005710
[SNAPSHOT] done=8 suc=2 fail=6
[FAIL] 000545 (no_corp_code)
[FAIL] 000547 (no_corp_code)
[FAIL] 012205 (no_corp_code)
[FAIL] 003415 (no_corp_code)
[FAIL] 003419 (no_corp_code)
[FAIL] 009275 (no_corp_code)
[OK] 025880
[OK] 005710
[SNAPSHOT] done=11 suc=5 fail=6
[FAIL] 000547 (no_corp_code)
[FAIL] 012205 (no_corp_code)
[FAIL] 003415 (no_corp_code)
[FAIL] 003419 (no_corp_code)
[FAIL] 009275 (no_corp_code)
[OK] 025880
[OK] 005710
[OK] 009290
[OK] 019440
[OK] 000590
[SNAPSHOT] done=16 suc=10 fail=6
[OK] 025880
[OK] 005710
[OK] 009290
[OK] 019440
[OK] 000590
[OK] 004090
[OK] 002680
[OK] 001210
[OK] 006490
[OK] 014470
[SNAPSHOT] done=16 suc=10 fail=6
[OK] 025880
[OK] 005710
[OK] 009290
[OK] 019440
[OK] 000590
[OK] 004090
[OK] 002680
[OK] 001210
[OK] 006490
[OK] 014470
[SNAPSHOT] done=19 suc=11 fail=8
[OK] 019440
[OK] 000590
[OK] 004090
[OK] 002680
[OK] 001210
[OK] 006490
[OK] 014470
[OK] 001790
[FAIL] 001795 (no_corp_code)
[FAIL] 001799 (no_corp_code)
[SNAPSHOT] done=22 suc=13 fail=9
[OK] 002680
[OK] 001210
[OK] 006490
[OK] 014470
[OK] 001790
[FAIL] 001795 (no_corp_code)
[FAIL] 001799 (no_corp_code)
[OK] 030530
[OK] 007810
[FAIL] 007815 (no_corp_code)
[SNAPSHOT] done=22 suc=13 fail=9
[OK] 002680
[OK] 001210
[OK] 006490
[OK] 014470
[OK] 001790
[FAIL] 001795 (no_corp_code)
[FAIL] 001799 (no_corp_code)
[OK] 030530
[OK] 007810
[FAIL] 007815 (no_corp_code)
[SNAPSHOT] done=22 suc=13 fail=9
[OK] 002680
[OK] 001210
[OK] 006490
[OK] 014470
[OK] 001790
[FAIL] 001795 (no_corp_code)
[FAIL] 001799 (no_corp_code)
[OK] 030530
[OK] 007810
[FAIL] 007815 (no_corp_code)
[SNAPSHOT] done=23 suc=14 fail=9
[OK] 001210
[OK] 006490
[OK] 014470
[OK] 001790
[FAIL] 001795 (no_corp_code)
[FAIL] 001799 (no_corp_code)
[OK] 030530
[OK] 007810
[FAIL] 007815 (no_corp_code)
[OK] 016740
[SNAPSHOT] done=24 suc=15 fail=9
[OK] 006490
[OK] 014470
[OK] 001790
[FAIL] 001795 (no_corp_code)
[FAIL] 001799 (no_corp_code)
[OK] 030530
[OK] 007810
[FAIL] 007815 (no_corp_code)
[OK] 016740
[OK] 000020
[SNAPSHOT] done=24 suc=15 fail=9
[OK] 006490
[OK] 014470
[OK] 001790
[FAIL] 001795 (no_corp_code)
[FAIL] 001799 (no_corp_code)
[OK] 030530
[OK] 007810
[FAIL] 007815 (no_corp_code)
[OK] 016740
[OK] 000020
[SNAPSHOT] done=24 suc=15 fail=9
[OK] 006490
[OK] 014470
[OK] 001790
[FAIL] 001795 (no_corp_code)
[FAIL] 001799 (no_corp_code)
[OK] 030530
[OK] 007810
[FAIL] 007815 (no_corp_code)
[OK] 016740
[OK] 000020
[SNAPSHOT] done=24 suc=15 fail=9
[OK] 006490
[OK] 014470
[OK] 001790
[FAIL] 001795 (no_corp_code)
[FAIL] 001799 (no_corp_code)
[OK] 030530
[OK] 007810
[FAIL] 007815 (no_corp_code)
[OK] 016740
[OK] 000020
[SNAPSHOT] done=24 suc=15 fail=9
[OK] 006490
[OK] 014470
[OK] 001790
[FAIL] 001795 (no_corp_code)
[FAIL] 001799 (no_corp_code)
[OK] 030530
[OK] 007810
[FAIL] 007815 (no_corp_code)
[OK] 016740
[OK] 000020
[SNAPSHOT] done=24 suc=15 fail=9
[OK] 006490
[OK] 014470
[OK] 001790
[FAIL] 001795 (no_corp_code)
[FAIL] 001799 (no_corp_code)
[OK] 030530
[OK] 007810
[FAIL] 007815 (no_corp_code)
[OK] 016740
[OK] 000020
[SNAPSHOT] done=24 suc=15 fail=9
[OK] 006490
[OK] 014470
[OK] 001790
[FAIL] 001795 (no_corp_code)
[FAIL] 001799 (no_corp_code)
[OK] 030530
[OK] 007810
[FAIL] 007815 (no_corp_code)
[OK] 016740
[OK] 000020
[SNAPSHOT] done=25 suc=16 fail=9
[OK] 014470
[OK] 001790
[FAIL] 001795 (no_corp_code)
[FAIL] 001799 (no_corp_code)
[OK] 030530
[OK] 007810
[FAIL] 007815 (no_corp_code)
[OK] 016740
[OK] 000020
[OK] 010640
[SNAPSHOT] done=25 suc=16 fail=9
[OK] 014470
[OK] 001790
[FAIL] 001795 (no_corp_code)
[FAIL] 001799 (no_corp_code)
[OK] 030530
[OK] 007810
[FAIL] 007815 (no_corp_code)
[OK] 016740
[OK] 000020
[OK] 010640
[SNAPSHOT] done=25 suc=16 fail=9
[OK] 014470
[OK] 001790
[FAIL] 001795 (no_corp_code)
[FAIL] 001799 (no_corp_code)
[OK] 030530
[OK] 007810
[FAIL] 007815 (no_corp_code)
[OK] 016740
[OK] 000020
[OK] 010640
[SNAPSHOT] done=25 suc=16 fail=9
[OK] 014470
[OK] 001790
[FAIL] 001795 (no_corp_code)
[FAIL] 001799 (no_corp_code)
[OK] 030530
[OK] 007810
[FAIL] 007815 (no_corp_code)
[OK] 016740
[OK] 000020
[OK] 010640
[SNAPSHOT] done=25 suc=16 fail=9
[OK] 014470
[OK] 001790
[FAIL] 001795 (no_corp_code)
[FAIL] 001799 (no_corp_code)
[OK] 030530
[OK] 007810
[FAIL] 007815 (no_corp_code)
[OK] 016740
[OK] 000020
[OK] 010640
[SNAPSHOT] done=25 suc=16 fail=9
[OK] 014470
[OK] 001790
[FAIL] 001795 (no_corp_code)
[FAIL] 001799 (no_corp_code)
[OK] 030530
[OK] 007810
[FAIL] 007815 (no_corp_code)
[OK] 016740
[OK] 000020
[OK] 010640
[SNAPSHOT] done=25 suc=16 fail=9
[OK] 014470
[OK] 001790
[FAIL] 001795 (no_corp_code)
[FAIL] 001799 (no_corp_code)
[OK] 030530
[OK] 007810
[FAIL] 007815 (no_corp_code)
[OK] 016740
[OK] 000020
[OK] 010640
[SNAPSHOT] done=25 suc=16 fail=9
[OK] 014470
[OK] 001790
[FAIL] 001795 (no_corp_code)
[FAIL] 001799 (no_corp_code)
[OK] 030530
[OK] 007810
[FAIL] 007815 (no_corp_code)
[OK] 016740
[OK] 000020
[OK] 010640
[SNAPSHOT] done=25 suc=16 fail=9
[OK] 014470
[OK] 001790
[FAIL] 001795 (no_corp_code)
[FAIL] 001799 (no_corp_code)
[OK] 030530
[OK] 007810
[FAIL] 007815 (no_corp_code)
[OK] 016740
[OK] 000020
[OK] 010640
[SNAPSHOT] done=25 suc=16 fail=9
[OK] 014470
[OK] 001790
[FAIL] 001795 (no_corp_code)
[FAIL] 001799 (no_corp_code)
[OK] 030530
[OK] 007810
[FAIL] 007815 (no_corp_code)
[OK] 016740
[OK] 000020
[OK] 010640
[SNAPSHOT] done=25 suc=16 fail=9
[OK] 014470
[OK] 001790
[FAIL] 001795 (no_corp_code)
[FAIL] 001799 (no_corp_code)
[OK] 030530
[OK] 007810
[FAIL] 007815 (no_corp_code)
[OK] 016740
[OK] 000020
[OK] 010640
[SNAPSHOT] done=25 suc=16 fail=9
[OK] 014470
[OK] 001790
[FAIL] 001795 (no_corp_code)
[FAIL] 001799 (no_corp_code)
[OK] 030530
[OK] 007810
[FAIL] 007815 (no_corp_code)
[OK] 016740
[OK] 000020
[OK] 010640
[SNAPSHOT] done=25 suc=16 fail=9
[OK] 014470
[OK] 001790
[FAIL] 001795 (no_corp_code)
[FAIL] 001799 (no_corp_code)
[OK] 030530
[OK] 007810
[FAIL] 007815 (no_corp_code)
[OK] 016740
[OK] 000020
[OK] 010640
[SNAPSHOT] done=26 suc=17 fail=9
[OK] 001790
[FAIL] 001795 (no_corp_code)
[FAIL] 001799 (no_corp_code)
[OK] 030530
[OK] 007810
[FAIL] 007815 (no_corp_code)
[OK] 016740
[OK] 000020
[OK] 010640
[OK] 004870
[SNAPSHOT] done=26 suc=17 fail=9
[OK] 001790
[FAIL] 001795 (no_corp_code)
[FAIL] 001799 (no_corp_code)
[OK] 030530
[OK] 007810
[FAIL] 007815 (no_corp_code)
[OK] 016740
[OK] 000020
[OK] 010640
[OK] 004870
[SNAPSHOT] done=26 suc=17 fail=9
[OK] 001790
[FAIL] 001795 (no_corp_code)
[FAIL] 001799 (no_corp_code)
[OK] 030530
[OK] 007810
[FAIL] 007815 (no_corp_code)
[OK] 016740
[OK] 000020
[OK] 010640
[OK] 004870
[SNAPSHOT] done=26 suc=17 fail=9
[OK] 001790
[FAIL] 001795 (no_corp_code)
[FAIL] 001799 (no_corp_code)
[OK] 030530
[OK] 007810
[FAIL] 007815 (no_corp_code)
[OK] 016740
[OK] 000020
[OK] 010640
[OK] 004870
[SNAPSHOT] done=26 suc=17 fail=9
[OK] 001790
[FAIL] 001795 (no_corp_code)
[FAIL] 001799 (no_corp_code)
[OK] 030530
[OK] 007810
[FAIL] 007815 (no_corp_code)
[OK] 016740
[OK] 000020
[OK] 010640
[OK] 004870
[SNAPSHOT] done=26 suc=17 fail=9
[OK] 001790
[FAIL] 001795 (no_corp_code)
[FAIL] 001799 (no_corp_code)
[OK] 030530
[OK] 007810
[FAIL] 007815 (no_corp_code)
[OK] 016740
[OK] 000020
[OK] 010640
[OK] 004870
[SNAPSHOT] done=26 suc=17 fail=9
[OK] 001790
[FAIL] 001795 (no_corp_code)
[FAIL] 001799 (no_corp_code)
[OK] 030530
[OK] 007810
[FAIL] 007815 (no_corp_code)
[OK] 016740
[OK] 000020
[OK] 010640
[OK] 004870
[SNAPSHOT] done=26 suc=17 fail=9
[OK] 001790
[FAIL] 001795 (no_corp_code)
[FAIL] 001799 (no_corp_code)
[OK] 030530
[OK] 007810
[FAIL] 007815 (no_corp_code)
[OK] 016740
[OK] 000020
[OK] 010640
[OK] 004870
[SNAPSHOT] done=26 suc=17 fail=9
[OK] 001790
[FAIL] 001795 (no_corp_code)
[FAIL] 001799 (no_corp_code)
[OK] 030530
[OK] 007810
[FAIL] 007815 (no_corp_code)
[OK] 016740
[OK] 000020
[OK] 010640
[OK] 004870
[SNAPSHOT] done=26 suc=17 fail=9
[OK] 001790
[FAIL] 001795 (no_corp_code)
[FAIL] 001799 (no_corp_code)
[OK] 030530
[OK] 007810
[FAIL] 007815 (no_corp_code)
[OK] 016740
[OK] 000020
[OK] 010640
[OK] 004870
[SNAPSHOT] done=26 suc=17 fail=9
[OK] 001790
[FAIL] 001795 (no_corp_code)
[FAIL] 001799 (no_corp_code)
[OK] 030530
[OK] 007810
[FAIL] 007815 (no_corp_code)
[OK] 016740
[OK] 000020
[OK] 010640
[OK] 004870
[SNAPSHOT] done=26 suc=17 fail=9
[OK] 001790
[FAIL] 001795 (no_corp_code)
[FAIL] 001799 (no_corp_code)
[OK] 030530
[OK] 007810
[FAIL] 007815 (no_corp_code)
[OK] 016740
[OK] 000020
[OK] 010640
[OK] 004870
[SNAPSHOT] done=26 suc=17 fail=9
[OK] 001790
[FAIL] 001795 (no_corp_code)
[FAIL] 001799 (no_corp_code)
[OK] 030530
[OK] 007810
[FAIL] 007815 (no_corp_code)
[OK] 016740
[OK] 000020
[OK] 010640
[OK] 004870
[SNAPSHOT] done=26 suc=17 fail=9
[OK] 001790
[FAIL] 001795 (no_corp_code)
[FAIL] 001799 (no_corp_code)
[OK] 030530
[OK] 007810
[FAIL] 007815 (no_corp_code)
[OK] 016740
[OK] 000020
[OK] 010640
[OK] 004870
[SNAPSHOT] done=26 suc=17 fail=9
[OK] 001790
[FAIL] 001795 (no_corp_code)
[FAIL] 001799 (no_corp_code)
[OK] 030530
[OK] 007810
[FAIL] 007815 (no_corp_code)
[OK] 016740
[OK] 000020
[OK] 010640
[OK] 004870
[SNAPSHOT] done=26 suc=17 fail=9
[OK] 001790
[FAIL] 001795 (no_corp_code)
[FAIL] 001799 (no_corp_code)
[OK] 030530
[OK] 007810
[FAIL] 007815 (no_corp_code)
[OK] 016740
[OK] 000020
[OK] 010640
[OK] 004870
[SNAPSHOT] done=26 suc=17 fail=9
[OK] 001790
[FAIL] 001795 (no_corp_code)
[FAIL] 001799 (no_corp_code)
[OK] 030530
[OK] 007810
[FAIL] 007815 (no_corp_code)
[OK] 016740
[OK] 000020
[OK] 010640
[OK] 004870
[SNAPSHOT] done=26 suc=17 fail=9
[OK] 001790
[FAIL] 001795 (no_corp_code)
[FAIL] 001799 (no_corp_code)
[OK] 030530
[OK] 007810
[FAIL] 007815 (no_corp_code)
[OK] 016740
[OK] 000020
[OK] 010640
[OK] 004870
[SNAPSHOT] done=26 suc=17 fail=9
[OK] 001790
[FAIL] 001795 (no_corp_code)
[FAIL] 001799 (no_corp_code)
[OK] 030530
[OK] 007810
[FAIL] 007815 (no_corp_code)
[OK] 016740
[OK] 000020
[OK] 010640
[OK] 004870
[SNAPSHOT] done=26 suc=17 fail=9
[OK] 001790
[FAIL] 001795 (no_corp_code)
[FAIL] 001799 (no_corp_code)
[OK] 030530
[OK] 007810
[FAIL] 007815 (no_corp_code)
[OK] 016740
[OK] 000020
[OK] 010640
[OK] 004870
[SNAPSHOT] done=26 suc=17 fail=9
[OK] 001790
[FAIL] 001795 (no_corp_code)
[FAIL] 001799 (no_corp_code)
[OK] 030530
[OK] 007810
[FAIL] 007815 (no_corp_code)
[OK] 016740
[OK] 000020
[OK] 010640
[OK] 004870
[SNAPSHOT] done=26 suc=17 fail=9
[OK] 001790
[FAIL] 001795 (no_corp_code)
[FAIL] 001799 (no_corp_code)
[OK] 030530
[OK] 007810
[FAIL] 007815 (no_corp_code)
[OK] 016740
[OK] 000020
[OK] 010640
[OK] 004870
[SNAPSHOT] done=26 suc=17 fail=9
[OK] 001790
[FAIL] 001795 (no_corp_code)
[FAIL] 001799 (no_corp_code)
[OK] 030530
[OK] 007810
[FAIL] 007815 (no_corp_code)
[OK] 016740
[OK] 000020
[OK] 010640
[OK] 004870
[SNAPSHOT] done=26 suc=17 fail=9
[OK] 001790
[FAIL] 001795 (no_corp_code)
[FAIL] 001799 (no_corp_code)
[OK] 030530
[OK] 007810
[FAIL] 007815 (no_corp_code)
[OK] 016740
[OK] 000020
[OK] 010640
[OK] 004870
[SNAPSHOT] done=26 suc=17 fail=9
[OK] 001790
[FAIL] 001795 (no_corp_code)
[FAIL] 001799 (no_corp_code)
[OK] 030530
[OK] 007810
[FAIL] 007815 (no_corp_code)
[OK] 016740
[OK] 000020
[OK] 010640
[OK] 004870
[SNAPSHOT] done=26 suc=17 fail=9
[OK] 001790
[FAIL] 001795 (no_corp_code)
[FAIL] 001799 (no_corp_code)
[OK] 030530
[OK] 007810
[FAIL] 007815 (no_corp_code)
[OK] 016740
[OK] 000020
[OK] 010640
[OK] 004870
[SNAPSHOT] done=26 suc=17 fail=9
[OK] 001790
[FAIL] 001795 (no_corp_code)
[FAIL] 001799 (no_corp_code)
[OK] 030530
[OK] 007810
[FAIL] 007815 (no_corp_code)
[OK] 016740
[OK] 000020
[OK] 010640
[OK] 004870
[SNAPSHOT] done=26 suc=17 fail=9
[OK] 001790
[FAIL] 001795 (no_corp_code)
[FAIL] 001799 (no_corp_code)
[OK] 030530
[OK] 007810
[FAIL] 007815 (no_corp_code)
[OK] 016740
[OK] 000020
[OK] 010640
[OK] 004870
[SNAPSHOT] done=26 suc=17 fail=9
[OK] 001790
[FAIL] 001795 (no_corp_code)
[FAIL] 001799 (no_corp_code)
[OK] 030530
[OK] 007810
[FAIL] 007815 (no_corp_code)
[OK] 016740
[OK] 000020
[OK] 010640
[OK] 004870
[SNAPSHOT] done=26 suc=17 fail=9
[OK] 001790
[FAIL] 001795 (no_corp_code)
[FAIL] 001799 (no_corp_code)
[OK] 030530
[OK] 007810
[FAIL] 007815 (no_corp_code)
[OK] 016740
[OK] 000020
[OK] 010640
[OK] 004870
[SNAPSHOT] done=26 suc=17 fail=9
[OK] 001790
[FAIL] 001795 (no_corp_code)
[FAIL] 001799 (no_corp_code)
[OK] 030530
[OK] 007810
[FAIL] 007815 (no_corp_code)
[OK] 016740
[OK] 000020
[OK] 010640
[OK] 004870
[SNAPSHOT] done=26 suc=17 fail=9
[OK] 001790
[FAIL] 001795 (no_corp_code)
[FAIL] 001799 (no_corp_code)
[OK] 030530
[OK] 007810
[FAIL] 007815 (no_corp_code)
[OK] 016740
[OK] 000020
[OK] 010640
[OK] 004870
[SNAPSHOT] done=26 suc=17 fail=9
[OK] 001790
[FAIL] 001795 (no_corp_code)
[FAIL] 001799 (no_corp_code)
[OK] 030530
[OK] 007810
[FAIL] 007815 (no_corp_code)
[OK] 016740
[OK] 000020
[OK] 010640
[OK] 004870
[SNAPSHOT] done=26 suc=17 fail=9
[OK] 001790
[FAIL] 001795 (no_corp_code)
[FAIL] 001799 (no_corp_code)
[OK] 030530
[OK] 007810
[FAIL] 007815 (no_corp_code)
[OK] 016740
[OK] 000020
[OK] 010640
[OK] 004870
[SNAPSHOT] done=26 suc=17 fail=9
[OK] 001790
[FAIL] 001795 (no_corp_code)
[FAIL] 001799 (no_corp_code)
[OK] 030530
[OK] 007810
[FAIL] 007815 (no_corp_code)
[OK] 016740
[OK] 000020
[OK] 010640
[OK] 004870
[SNAPSHOT] done=26 suc=17 fail=9
[OK] 001790
[FAIL] 001795 (no_corp_code)
[FAIL] 001799 (no_corp_code)
[OK] 030530
[OK] 007810
[FAIL] 007815 (no_corp_code)
[OK] 016740
[OK] 000020
[OK] 010640
[OK] 004870
[SNAPSHOT] done=26 suc=17 fail=9
[OK] 001790
[FAIL] 001795 (no_corp_code)
[FAIL] 001799 (no_corp_code)
[OK] 030530
[OK] 007810
[FAIL] 007815 (no_corp_code)
[OK] 016740
[OK] 000020
[OK] 010640
[OK] 004870
[SNAPSHOT] done=26 suc=17 fail=9
[OK] 001790
[FAIL] 001795 (no_corp_code)
[FAIL] 001799 (no_corp_code)
[OK] 030530
[OK] 007810
[FAIL] 007815 (no_corp_code)
[OK] 016740
[OK] 000020
[OK] 010640
[OK] 004870
[SNAPSHOT] done=26 suc=17 fail=9
[OK] 001790
[FAIL] 001795 (no_corp_code)
[FAIL] 001799 (no_corp_code)
[OK] 030530
[OK] 007810
[FAIL] 007815 (no_corp_code)
[OK] 016740
[OK] 000020
[OK] 010640
[OK] 004870
[SNAPSHOT] done=26 suc=17 fail=9
[OK] 001790
[FAIL] 001795 (no_corp_code)
[FAIL] 001799 (no_corp_code)
[OK] 030530
[OK] 007810
[FAIL] 007815 (no_corp_code)
[OK] 016740
[OK] 000020
[OK] 010640
[OK] 004870
[SNAPSHOT] done=26 suc=17 fail=9
[OK] 001790
[FAIL] 001795 (no_corp_code)
[FAIL] 001799 (no_corp_code)
[OK] 030530
[OK] 007810
[FAIL] 007815 (no_corp_code)
[OK] 016740
[OK] 000020
[OK] 010640
[OK] 004870
[SNAPSHOT] done=26 suc=17 fail=9
[OK] 001790
[FAIL] 001795 (no_corp_code)
[FAIL] 001799 (no_corp_code)
[OK] 030530
[OK] 007810
[FAIL] 007815 (no_corp_code)
[OK] 016740
[OK] 000020
[OK] 010640
[OK] 004870
[SNAPSHOT] done=26 suc=17 fail=9
[OK] 001790
[FAIL] 001795 (no_corp_code)
[FAIL] 001799 (no_corp_code)
[OK] 030530
[OK] 007810
[FAIL] 007815 (no_corp_code)
[OK] 016740
[OK] 000020
[OK] 010640
[OK] 004870
[SNAPSHOT] done=26 suc=17 fail=9
[OK] 001790
[FAIL] 001795 (no_corp_code)
[FAIL] 001799 (no_corp_code)
[OK] 030530
[OK] 007810
[FAIL] 007815 (no_corp_code)
[OK] 016740
[OK] 000020
[OK] 010640
[OK] 004870
[SNAPSHOT] done=26 suc=17 fail=9
[OK] 001790
[FAIL] 001795 (no_corp_code)
[FAIL] 001799 (no_corp_code)
[OK] 030530
[OK] 007810
[FAIL] 007815 (no_corp_code)
[OK] 016740
[OK] 000020
[OK] 010640
[OK] 004870
[SNAPSHOT] done=26 suc=17 fail=9
[OK] 001790
[FAIL] 001795 (no_corp_code)
[FAIL] 001799 (no_corp_code)
[OK] 030530
[OK] 007810
[FAIL] 007815 (no_corp_code)
[OK] 016740
[OK] 000020
[OK] 010640
[OK] 004870
[SNAPSHOT] done=26 suc=17 fail=9
[OK] 001790
[FAIL] 001795 (no_corp_code)
[FAIL] 001799 (no_corp_code)
[OK] 030530
[OK] 007810
[FAIL] 007815 (no_corp_code)
[OK] 016740
[OK] 000020
[OK] 010640
[OK] 004870
[SNAPSHOT] done=26 suc=17 fail=9
[OK] 001790
[FAIL] 001795 (no_corp_code)
[FAIL] 001799 (no_corp_code)
[OK] 030530
[OK] 007810
[FAIL] 007815 (no_corp_code)
[OK] 016740
[OK] 000020
[OK] 010640
[OK] 004870
[SNAPSHOT] done=26 suc=17 fail=9
[OK] 001790
[FAIL] 001795 (no_corp_code)
[FAIL] 001799 (no_corp_code)
[OK] 030530
[OK] 007810
[FAIL] 007815 (no_corp_code)
[OK] 016740
[OK] 000020
[OK] 010640
[OK] 004870
[SNAPSHOT] done=26 suc=17 fail=9
[OK] 001790
[FAIL] 001795 (no_corp_code)
[FAIL] 001799 (no_corp_code)
[OK] 030530
[OK] 007810
[FAIL] 007815 (no_corp_code)
[OK] 016740
[OK] 000020
[OK] 010640
[OK] 004870
[SNAPSHOT] done=26 suc=17 fail=9
[OK] 001790
[FAIL] 001795 (no_corp_code)
[FAIL] 001799 (no_corp_code)
[OK] 030530
[OK] 007810
[FAIL] 007815 (no_corp_code)
[OK] 016740
[OK] 000020
[OK] 010640
[OK] 004870
[SNAPSHOT] done=26 suc=17 fail=9
[OK] 001790
[FAIL] 001795 (no_corp_code)
[FAIL] 001799 (no_corp_code)
[OK] 030530
[OK] 007810
[FAIL] 007815 (no_corp_code)
[OK] 016740
[OK] 000020
[OK] 010640
[OK] 004870
[SNAPSHOT] done=26 suc=17 fail=9
[OK] 001790
[FAIL] 001795 (no_corp_code)
[FAIL] 001799 (no_corp_code)
[OK] 030530
[OK] 007810
[FAIL] 007815 (no_corp_code)
[OK] 016740
[OK] 000020
[OK] 010640
[OK] 004870
[SNAPSHOT] done=26 suc=17 fail=9
[OK] 001790
[FAIL] 001795 (no_corp_code)
[FAIL] 001799 (no_corp_code)
[OK] 030530
[OK] 007810
[FAIL] 007815 (no_corp_code)
[OK] 016740
[OK] 000020
[OK] 010640
[OK] 004870
[SNAPSHOT] done=26 suc=17 fail=9
[OK] 001790
[FAIL] 001795 (no_corp_code)
[FAIL] 001799 (no_corp_code)
[OK] 030530
[OK] 007810
[FAIL] 007815 (no_corp_code)
[OK] 016740
[OK] 000020
[OK] 010640
[OK] 004870
[SNAPSHOT] done=26 suc=17 fail=9
[OK] 001790
[FAIL] 001795 (no_corp_code)
[FAIL] 001799 (no_corp_code)
[OK] 030530
[OK] 007810
[FAIL] 007815 (no_corp_code)
[OK] 016740
[OK] 000020
[OK] 010640
[OK] 004870
[SNAPSHOT] done=26 suc=17 fail=9
[OK] 001790
[FAIL] 001795 (no_corp_code)
[FAIL] 001799 (no_corp_code)
[OK] 030530
[OK] 007810
[FAIL] 007815 (no_corp_code)
[OK] 016740
[OK] 000020
[OK] 010640
[OK] 004870
[SNAPSHOT] done=26 suc=17 fail=9
[OK] 001790
[FAIL] 001795 (no_corp_code)
[FAIL] 001799 (no_corp_code)
[OK] 030530
[OK] 007810
[FAIL] 007815 (no_corp_code)
[OK] 016740
[OK] 000020
[OK] 010640
[OK] 004870
[SNAPSHOT] done=26 suc=17 fail=9
[OK] 001790
[FAIL] 001795 (no_corp_code)
[FAIL] 001799 (no_corp_code)
[OK] 030530
[OK] 007810
[FAIL] 007815 (no_corp_code)
[OK] 016740
[OK] 000020
[OK] 010640
[OK] 004870
[SNAPSHOT] done=26 suc=17 fail=9
[OK] 001790
[FAIL] 001795 (no_corp_code)
[FAIL] 001799 (no_corp_code)
[OK] 030530
[OK] 007810
[FAIL] 007815 (no_corp_code)
[OK] 016740
[OK] 000020
[OK] 010640
[OK] 004870
[SNAPSHOT] done=26 suc=17 fail=9
[OK] 001790
[FAIL] 001795 (no_corp_code)
[FAIL] 001799 (no_corp_code)
[OK] 030530
[OK] 007810
[FAIL] 007815 (no_corp_code)
[OK] 016740
[OK] 000020
[OK] 010640
[OK] 004870
[SNAPSHOT] done=26 suc=17 fail=9
[OK] 001790
[FAIL] 001795 (no_corp_code)
[FAIL] 001799 (no_corp_code)
[OK] 030530
[OK] 007810
[FAIL] 007815 (no_corp_code)
[OK] 016740
[OK] 000020
[OK] 010640
[OK] 004870
[SNAPSHOT] done=26 suc=17 fail=9
[OK] 001790
[FAIL] 001795 (no_corp_code)
[FAIL] 001799 (no_corp_code)
[OK] 030530
[OK] 007810
[FAIL] 007815 (no_corp_code)
[OK] 016740
[OK] 000020
[OK] 010640
[OK] 004870
[SNAPSHOT] done=26 suc=17 fail=9
[OK] 001790
[FAIL] 001795 (no_corp_code)
[FAIL] 001799 (no_corp_code)
[OK] 030530
[OK] 007810
[FAIL] 007815 (no_corp_code)
[OK] 016740
[OK] 000020
[OK] 010640
[OK] 004870
[SNAPSHOT] done=26 suc=17 fail=9
[OK] 001790
[FAIL] 001795 (no_corp_code)
[FAIL] 001799 (no_corp_code)
[OK] 030530
[OK] 007810
[FAIL] 007815 (no_corp_code)
[OK] 016740
[OK] 000020
[OK] 010640
[OK] 004870
[SNAPSHOT] done=26 suc=17 fail=9
[OK] 001790
[FAIL] 001795 (no_corp_code)
[FAIL] 001799 (no_corp_code)
[OK] 030530
[OK] 007810
[FAIL] 007815 (no_corp_code)
[OK] 016740
[OK] 000020
[OK] 010640
[OK] 004870
[SNAPSHOT] done=26 suc=17 fail=9
[OK] 001790
[FAIL] 001795 (no_corp_code)
[FAIL] 001799 (no_corp_code)
[OK] 030530
[OK] 007810
[FAIL] 007815 (no_corp_code)
[OK] 016740
[OK] 000020
[OK] 010640
[OK] 004870
[SNAPSHOT] done=26 suc=17 fail=9
[OK] 001790
[FAIL] 001795 (no_corp_code)
[FAIL] 001799 (no_corp_code)
[OK] 030530
[OK] 007810
[FAIL] 007815 (no_corp_code)
[OK] 016740
[OK] 000020
[OK] 010640
[OK] 004870
[SNAPSHOT] done=27 suc=18 fail=9
[FAIL] 001795 (no_corp_code)
[FAIL] 001799 (no_corp_code)
[OK] 030530
[OK] 007810
[FAIL] 007815 (no_corp_code)
[OK] 016740
[OK] 000020
[OK] 010640
[OK] 004870
[OK] 023760
[SNAPSHOT] done=27 suc=18 fail=9
[FAIL] 001795 (no_corp_code)
[FAIL] 001799 (no_corp_code)
[OK] 030530
[OK] 007810
[FAIL] 007815 (no_corp_code)
[OK] 016740
[OK] 000020
[OK] 010640
[OK] 004870
[OK] 023760
[SNAPSHOT] done=28 suc=19 fail=9
[FAIL] 001799 (no_corp_code)
[OK] 030530
[OK] 007810
[FAIL] 007815 (no_corp_code)
[OK] 016740
[OK] 000020
[OK] 010640
[OK] 004870
[OK] 023760
[OK] 003450
[SNAPSHOT] done=30 suc=20 fail=10
[OK] 007810
[FAIL] 007815 (no_corp_code)
[OK] 016740
[OK] 000020
[OK] 010640
[OK] 004870
[OK] 023760
[OK] 003450
[OK] 005720
[FAIL] 005725 (no_corp_code)
[SNAPSHOT] done=30 suc=20 fail=10
[OK] 007810
[FAIL] 007815 (no_corp_code)
[OK] 016740
[OK] 000020
[OK] 010640
[OK] 004870
[OK] 023760
[OK] 003450
[OK] 005720
[FAIL] 005725 (no_corp_code)
[SNAPSHOT] done=30 suc=20 fail=10
[OK] 007810
[FAIL] 007815 (no_corp_code)
[OK] 016740
[OK] 000020
[OK] 010640
[OK] 004870
[OK] 023760
[OK] 003450
[OK] 005720
[FAIL] 005725 (no_corp_code)
[SNAPSHOT] done=31 suc=21 fail=10
[OK] 016740
[OK] 000020
[OK] 010640
[OK] 004870
[OK] 023760
[OK] 003450
[OK] 005720
[FAIL] 005725 (no_corp_code)
[OK] 000640
[OK] 014530
[SNAPSHOT] done=33 suc=22 fail=11
[OK] 010640
[OK] 004870
[OK] 023760
[OK] 003450
[OK] 005720
[FAIL] 005725 (no_corp_code)
[OK] 000640
[OK] 014530
[OK] 004100
[FAIL] 004105 (no_corp_code)
[SNAPSHOT] done=36 suc=25 fail=11
[OK] 003450
[OK] 005720
[FAIL] 005725 (no_corp_code)
[OK] 000640
[OK] 014530
[OK] 004100
[FAIL] 004105 (no_corp_code)
[OK] 001230
[OK] 001800
[OK] 006570
[SNAPSHOT] done=36 suc=25 fail=11
[OK] 003450
[OK] 005720
[FAIL] 005725 (no_corp_code)
[OK] 000640
[OK] 014530
[OK] 004100
[FAIL] 004105 (no_corp_code)
[OK] 001230
[OK] 001800
[OK] 006570
[SNAPSHOT] done=36 suc=25 fail=11
[OK] 003450
[OK] 005720
[FAIL] 005725 (no_corp_code)
[OK] 000640
[OK] 014530
[OK] 004100
[FAIL] 004105 (no_corp_code)
[OK] 001230
[OK] 001800
[OK] 006570
[SNAPSHOT] done=37 suc=26 fail=11
[OK] 005720
[FAIL] 005725 (no_corp_code)
[OK] 000640
[OK] 014530
[OK] 004100
[FAIL] 004105 (no_corp_code)
[OK] 001230
[OK] 001800
[OK] 006570
[OK] 007820
[SNAPSHOT] done=37 suc=26 fail=11
[OK] 005720
[FAIL] 005725 (no_corp_code)
[OK] 000640
[OK] 014530
[OK] 004100
[FAIL] 004105 (no_corp_code)
[OK] 001230
[OK] 001800
[OK] 006570
[OK] 007820
[SNAPSHOT] done=37 suc=26 fail=11
[OK] 005720
[FAIL] 005725 (no_corp_code)
[OK] 000640
[OK] 014530
[OK] 004100
[FAIL] 004105 (no_corp_code)
[OK] 001230
[OK] 001800
[OK] 006570
[OK] 007820
[SNAPSHOT] done=37 suc=26 fail=11
[OK] 005720
[FAIL] 005725 (no_corp_code)
[OK] 000640
[OK] 014530
[OK] 004100
[FAIL] 004105 (no_corp_code)
[OK] 001230
[OK] 001800
[OK] 006570
[OK] 007820
[SNAPSHOT] done=37 suc=26 fail=11
[OK] 005720
[FAIL] 005725 (no_corp_code)
[OK] 000640
[OK] 014530
[OK] 004100
[FAIL] 004105 (no_corp_code)
[OK] 001230
[OK] 001800
[OK] 006570
[OK] 007820
[SNAPSHOT] done=37 suc=26 fail=11
[OK] 005720
[FAIL] 005725 (no_corp_code)
[OK] 000640
[OK] 014530
[OK] 004100
[FAIL] 004105 (no_corp_code)
[OK] 001230
[OK] 001800
[OK] 006570
[OK] 007820
[SNAPSHOT] done=37 suc=26 fail=11
[OK] 005720
[FAIL] 005725 (no_corp_code)
[OK] 000640
[OK] 014530
[OK] 004100
[FAIL] 004105 (no_corp_code)
[OK] 001230
[OK] 001800
[OK] 006570
[OK] 007820
[SNAPSHOT] done=37 suc=26 fail=11
[OK] 005720
[FAIL] 005725 (no_corp_code)
[OK] 000640
[OK] 014530
[OK] 004100
[FAIL] 004105 (no_corp_code)
[OK] 001230
[OK] 001800
[OK] 006570
[OK] 007820
[SNAPSHOT] done=37 suc=26 fail=11
[OK] 005720
[FAIL] 005725 (no_corp_code)
[OK] 000640
[OK] 014530
[OK] 004100
[FAIL] 004105 (no_corp_code)
[OK] 001230
[OK] 001800
[OK] 006570
[OK] 007820
[SNAPSHOT] done=39 suc=28 fail=11
[OK] 000640
[OK] 014530
[OK] 004100
[FAIL] 004105 (no_corp_code)
[OK] 001230
[OK] 001800
[OK] 006570
[OK] 007820
[OK] 012210
[OK] 009300
[SNAPSHOT] done=39 suc=28 fail=11
[OK] 000640
[OK] 014530
[OK] 004100
[FAIL] 004105 (no_corp_code)
[OK] 001230
[OK] 001800
[OK] 006570
[OK] 007820
[OK] 012210
[OK] 009300
[SNAPSHOT] done=39 suc=28 fail=11
[OK] 000640
[OK] 014530
[OK] 004100
[FAIL] 004105 (no_corp_code)
[OK] 001230
[OK] 001800
[OK] 006570
[OK] 007820
[OK] 012210
[OK] 009300
[SNAPSHOT] done=40 suc=29 fail=11
[OK] 014530
[OK] 004100
[FAIL] 004105 (no_corp_code)
[OK] 001230
[OK] 001800
[OK] 006570
[OK] 007820
[OK] 012210
[OK] 009300
[OK] 019490
[SNAPSHOT] done=40 suc=29 fail=11
[OK] 014530
[OK] 004100
[FAIL] 004105 (no_corp_code)
[OK] 001230
[OK] 001800
[OK] 006570
[OK] 007820
[OK] 012210
[OK] 009300
[OK] 019490
[SNAPSHOT] done=40 suc=29 fail=11
[OK] 014530
[OK] 004100
[FAIL] 004105 (no_corp_code)
[OK] 001230
[OK] 001800
[OK] 006570
[OK] 007820
[OK] 012210
[OK] 009300
[OK] 019490
[SNAPSHOT] done=40 suc=29 fail=11
[OK] 014530
[OK] 004100
[FAIL] 004105 (no_corp_code)
[OK] 001230
[OK] 001800
[OK] 006570
[OK] 007820
[OK] 012210
[OK] 009300
[OK] 019490
[SNAPSHOT] done=40 suc=29 fail=11
[OK] 014530
[OK] 004100
[FAIL] 004105 (no_corp_code)
[OK] 001230
[OK] 001800
[OK] 006570
[OK] 007820
[OK] 012210
[OK] 009300
[OK] 019490
[SNAPSHOT] done=40 suc=29 fail=11
[OK] 014530
[OK] 004100
[FAIL] 004105 (no_corp_code)
[OK] 001230
[OK] 001800
[OK] 006570
[OK] 007820
[OK] 012210
[OK] 009300
[OK] 019490
[SNAPSHOT] done=40 suc=29 fail=11
[OK] 014530
[OK] 004100
[FAIL] 004105 (no_corp_code)
[OK] 001230
[OK] 001800
[OK] 006570
[OK] 007820
[OK] 012210
[OK] 009300
[OK] 019490
[SNAPSHOT] done=40 suc=29 fail=11
[OK] 014530
[OK] 004100
[FAIL] 004105 (no_corp_code)
[OK] 001230
[OK] 001800
[OK] 006570
[OK] 007820
[OK] 012210
[OK] 009300
[OK] 019490
[SNAPSHOT] done=40 suc=29 fail=11
[OK] 014530
[OK] 004100
[FAIL] 004105 (no_corp_code)
[OK] 001230
[OK] 001800
[OK] 006570
[OK] 007820
[OK] 012210
[OK] 009300
[OK] 019490
[SNAPSHOT] done=40 suc=29 fail=11
[OK] 014530
[OK] 004100
[FAIL] 004105 (no_corp_code)
[OK] 001230
[OK] 001800
[OK] 006570
[OK] 007820
[OK] 012210
[OK] 009300
[OK] 019490
[SNAPSHOT] done=40 suc=29 fail=11
[OK] 014530
[OK] 004100
[FAIL] 004105 (no_corp_code)
[OK] 001230
[OK] 001800
[OK] 006570
[OK] 007820
[OK] 012210
[OK] 009300
[OK] 019490
[SNAPSHOT] done=41 suc=30 fail=11
[OK] 004100
[FAIL] 004105 (no_corp_code)
[OK] 001230
[OK] 001800
[OK] 006570
[OK] 007820
[OK] 012210
[OK] 009300
[OK] 019490
[OK] 004890
[SNAPSHOT] done=41 suc=30 fail=11
[OK] 004100
[FAIL] 004105 (no_corp_code)
[OK] 001230
[OK] 001800
[OK] 006570
[OK] 007820
[OK] 012210
[OK] 009300
[OK] 019490
[OK] 004890
[SNAPSHOT] done=41 suc=30 fail=11
[OK] 004100
[FAIL] 004105 (no_corp_code)
[OK] 001230
[OK] 001800
[OK] 006570
[OK] 007820
[OK] 012210
[OK] 009300
[OK] 019490
[OK] 004890
[SNAPSHOT] done=41 suc=30 fail=11
[OK] 004100
[FAIL] 004105 (no_corp_code)
[OK] 001230
[OK] 001800
[OK] 006570
[OK] 007820
[OK] 012210
[OK] 009300
[OK] 019490
[OK] 004890
[SNAPSHOT] done=41 suc=30 fail=11
[OK] 004100
[FAIL] 004105 (no_corp_code)
[OK] 001230
[OK] 001800
[OK] 006570
[OK] 007820
[OK] 012210
[OK] 009300
[OK] 019490
[OK] 004890
[SNAPSHOT] done=41 suc=30 fail=11
[OK] 004100
[FAIL] 004105 (no_corp_code)
[OK] 001230
[OK] 001800
[OK] 006570
[OK] 007820
[OK] 012210
[OK] 009300
[OK] 019490
[OK] 004890
[SNAPSHOT] done=41 suc=30 fail=11
[OK] 004100
[FAIL] 004105 (no_corp_code)
[OK] 001230
[OK] 001800
[OK] 006570
[OK] 007820
[OK] 012210
[OK] 009300
[OK] 019490
[OK] 004890
[SNAPSHOT] done=41 suc=30 fail=11
[OK] 004100
[FAIL] 004105 (no_corp_code)
[OK] 001230
[OK] 001800
[OK] 006570
[OK] 007820
[OK] 012210
[OK] 009300
[OK] 019490
[OK] 004890
[SNAPSHOT] done=41 suc=30 fail=11
[OK] 004100
[FAIL] 004105 (no_corp_code)
[OK] 001230
[OK] 001800
[OK] 006570
[OK] 007820
[OK] 012210
[OK] 009300
[OK] 019490
[OK] 004890
[SNAPSHOT] done=41 suc=30 fail=11
[OK] 004100
[FAIL] 004105 (no_corp_code)
[OK] 001230
[OK] 001800
[OK] 006570
[OK] 007820
[OK] 012210
[OK] 009300
[OK] 019490
[OK] 004890
[SNAPSHOT] done=41 suc=30 fail=11
[OK] 004100
[FAIL] 004105 (no_corp_code)
[OK] 001230
[OK] 001800
[OK] 006570
[OK] 007820
[OK] 012210
[OK] 009300
[OK] 019490
[OK] 004890
[SNAPSHOT] done=41 suc=30 fail=11
[OK] 004100
[FAIL] 004105 (no_corp_code)
[OK] 001230
[OK] 001800
[OK] 006570
[OK] 007820
[OK] 012210
[OK] 009300
[OK] 019490
[OK] 004890
[SNAPSHOT] done=41 suc=30 fail=11
[OK] 004100
[FAIL] 004105 (no_corp_code)
[OK] 001230
[OK] 001800
[OK] 006570
[OK] 007820
[OK] 012210
[OK] 009300
[OK] 019490
[OK] 004890
[SNAPSHOT] done=43 suc=32 fail=11
[OK] 001230
[OK] 001800
[OK] 006570
[OK] 007820
[OK] 012210
[OK] 009300
[OK] 019490
[OK] 004890
[OK] 025890
[OK] 002690
[SNAPSHOT] done=43 suc=32 fail=11
[OK] 001230
[OK] 001800
[OK] 006570
[OK] 007820
[OK] 012210
[OK] 009300
[OK] 019490
[OK] 004890
[OK] 025890
[OK] 002690
[SNAPSHOT] done=43 suc=32 fail=11
[OK] 001230
[OK] 001800
[OK] 006570
[OK] 007820
[OK] 012210
[OK] 009300
[OK] 019490
[OK] 004890
[OK] 025890
[OK] 002690
[SNAPSHOT] done=43 suc=32 fail=11
[OK] 001230
[OK] 001800
[OK] 006570
[OK] 007820
[OK] 012210
[OK] 009300
[OK] 019490
[OK] 004890
[OK] 025890
[OK] 002690
[SNAPSHOT] done=43 suc=32 fail=11
[OK] 001230
[OK] 001800
[OK] 006570
[OK] 007820
[OK] 012210
[OK] 009300
[OK] 019490
[OK] 004890
[OK] 025890
[OK] 002690
[SNAPSHOT] done=43 suc=32 fail=11
[OK] 001230
[OK] 001800
[OK] 006570
[OK] 007820
[OK] 012210
[OK] 009300
[OK] 019490
[OK] 004890
[OK] 025890
[OK] 002690
[SNAPSHOT] done=43 suc=32 fail=11
[OK] 001230
[OK] 001800
[OK] 006570
[OK] 007820
[OK] 012210
[OK] 009300
[OK] 019490
[OK] 004890
[OK] 025890
[OK] 002690
[SNAPSHOT] done=43 suc=32 fail=11
[OK] 001230
[OK] 001800
[OK] 006570
[OK] 007820
[OK] 012210
[OK] 009300
[OK] 019490
[OK] 004890
[OK] 025890
[OK] 002690
[SNAPSHOT] done=43 suc=32 fail=11
[OK] 001230
[OK] 001800
[OK] 006570
[OK] 007820
[OK] 012210
[OK] 009300
[OK] 019490
[OK] 004890
[OK] 025890
[OK] 002690
[SNAPSHOT] done=43 suc=32 fail=11
[OK] 001230
[OK] 001800
[OK] 006570
[OK] 007820
[OK] 012210
[OK] 009300
[OK] 019490
[OK] 004890
[OK] 025890
[OK] 002690
[SNAPSHOT] done=43 suc=32 fail=11
[OK] 001230
[OK] 001800
[OK] 006570
[OK] 007820
[OK] 012210
[OK] 009300
[OK] 019490
[OK] 004890
[OK] 025890
[OK] 002690
[SNAPSHOT] done=43 suc=32 fail=11
[OK] 001230
[OK] 001800
[OK] 006570
[OK] 007820
[OK] 012210
[OK] 009300
[OK] 019490
[OK] 004890
[OK] 025890
[OK] 002690
[SNAPSHOT] done=43 suc=32 fail=11
[OK] 001230
[OK] 001800
[OK] 006570
[OK] 007820
[OK] 012210
[OK] 009300
[OK] 019490
[OK] 004890
[OK] 025890
[OK] 002690
[SNAPSHOT] done=43 suc=32 fail=11
[OK] 001230
[OK] 001800
[OK] 006570
[OK] 007820
[OK] 012210
[OK] 009300
[OK] 019490
[OK] 004890
[OK] 025890
[OK] 002690
[SNAPSHOT] done=43 suc=32 fail=11
[OK] 001230
[OK] 001800
[OK] 006570
[OK] 007820
[OK] 012210
[OK] 009300
[OK] 019490
[OK] 004890
[OK] 025890
[OK] 002690
[SNAPSHOT] done=43 suc=32 fail=11
[OK] 001230
[OK] 001800
[OK] 006570
[OK] 007820
[OK] 012210
[OK] 009300
[OK] 019490
[OK] 004890
[OK] 025890
[OK] 002690
[SNAPSHOT] done=43 suc=32 fail=11
[OK] 001230
[OK] 001800
[OK] 006570
[OK] 007820
[OK] 012210
[OK] 009300
[OK] 019490
[OK] 004890
[OK] 025890
[OK] 002690
[SNAPSHOT] done=44 suc=33 fail=11
[OK] 001800
[OK] 006570
[OK] 007820
[OK] 012210
[OK] 009300
[OK] 019490
[OK] 004890
[OK] 025890
[OK] 002690
[OK] 010660
[SNAPSHOT] done=44 suc=33 fail=11
[OK] 001800
[OK] 006570
[OK] 007820
[OK] 012210
[OK] 009300
[OK] 019490
[OK] 004890
[OK] 025890
[OK] 002690
[OK] 010660
[SNAPSHOT] done=44 suc=33 fail=11
[OK] 001800
[OK] 006570
[OK] 007820
[OK] 012210
[OK] 009300
[OK] 019490
[OK] 004890
[OK] 025890
[OK] 002690
[OK] 010660
[SNAPSHOT] done=45 suc=34 fail=11
[OK] 006570
[OK] 007820
[OK] 012210
[OK] 009300
[OK] 019490
[OK] 004890
[OK] 025890
[OK] 002690
[OK] 010660
[OK] 016790
[SNAPSHOT] done=45 suc=34 fail=11
[OK] 006570
[OK] 007820
[OK] 012210
[OK] 009300
[OK] 019490
[OK] 004890
[OK] 025890
[OK] 002690
[OK] 010660
[OK] 016790
[SNAPSHOT] done=45 suc=34 fail=11
[OK] 006570
[OK] 007820
[OK] 012210
[OK] 009300
[OK] 019490
[OK] 004890
[OK] 025890
[OK] 002690
[OK] 010660
[OK] 016790
[SNAPSHOT] done=45 suc=34 fail=11
[OK] 006570
[OK] 007820
[OK] 012210
[OK] 009300
[OK] 019490
[OK] 004890
[OK] 025890
[OK] 002690
[OK] 010660
[OK] 016790
[SNAPSHOT] done=45 suc=34 fail=11
[OK] 006570
[OK] 007820
[OK] 012210
[OK] 009300
[OK] 019490
[OK] 004890
[OK] 025890
[OK] 002690
[OK] 010660
[OK] 016790
[SNAPSHOT] done=45 suc=34 fail=11
[OK] 006570
[OK] 007820
[OK] 012210
[OK] 009300
[OK] 019490
[OK] 004890
[OK] 025890
[OK] 002690
[OK] 010660
[OK] 016790
[SNAPSHOT] done=45 suc=34 fail=11
[OK] 006570
[OK] 007820
[OK] 012210
[OK] 009300
[OK] 019490
[OK] 004890
[OK] 025890
[OK] 002690
[OK] 010660
[OK] 016790
[SNAPSHOT] done=45 suc=34 fail=11
[OK] 006570
[OK] 007820
[OK] 012210
[OK] 009300
[OK] 019490
[OK] 004890
[OK] 025890
[OK] 002690
[OK] 010660
[OK] 016790
[SNAPSHOT] done=45 suc=34 fail=11
[OK] 006570
[OK] 007820
[OK] 012210
[OK] 009300
[OK] 019490
[OK] 004890
[OK] 025890
[OK] 002690
[OK] 010660
[OK] 016790
[SNAPSHOT] done=45 suc=34 fail=11
[OK] 006570
[OK] 007820
[OK] 012210
[OK] 009300
[OK] 019490
[OK] 004890
[OK] 025890
[OK] 002690
[OK] 010660
[OK] 016790
[SNAPSHOT] done=45 suc=34 fail=11
[OK] 006570
[OK] 007820
[OK] 012210
[OK] 009300
[OK] 019490
[OK] 004890
[OK] 025890
[OK] 002690
[OK] 010660
[OK] 016790
[SNAPSHOT] done=45 suc=34 fail=11
[OK] 006570
[OK] 007820
[OK] 012210
[OK] 009300
[OK] 019490
[OK] 004890
[OK] 025890
[OK] 002690
[OK] 010660
[OK] 016790
[SNAPSHOT] done=45 suc=34 fail=11
[OK] 006570
[OK] 007820
[OK] 012210
[OK] 009300
[OK] 019490
[OK] 004890
[OK] 025890
[OK] 002690
[OK] 010660
[OK] 016790
[SNAPSHOT] done=45 suc=34 fail=11
[OK] 006570
[OK] 007820
[OK] 012210
[OK] 009300
[OK] 019490
[OK] 004890
[OK] 025890
[OK] 002690
[OK] 010660
[OK] 016790
[SNAPSHOT] done=45 suc=34 fail=11
[OK] 006570
[OK] 007820
[OK] 012210
[OK] 009300
[OK] 019490
[OK] 004890
[OK] 025890
[OK] 002690
[OK] 010660
[OK] 016790
[SNAPSHOT] done=45 suc=34 fail=11
[OK] 006570
[OK] 007820
[OK] 012210
[OK] 009300
[OK] 019490
[OK] 004890
[OK] 025890
[OK] 002690
[OK] 010660
[OK] 016790
[SNAPSHOT] done=45 suc=34 fail=11
[OK] 006570
[OK] 007820
[OK] 012210
[OK] 009300
[OK] 019490
[OK] 004890
[OK] 025890
[OK] 002690
[OK] 010660
[OK] 016790
[SNAPSHOT] done=45 suc=34 fail=11
[OK] 006570
[OK] 007820
[OK] 012210
[OK] 009300
[OK] 019490
[OK] 004890
[OK] 025890
[OK] 002690
[OK] 010660
[OK] 016790
[SNAPSHOT] done=45 suc=34 fail=11
[OK] 006570
[OK] 007820
[OK] 012210
[OK] 009300
[OK] 019490
[OK] 004890
[OK] 025890
[OK] 002690
[OK] 010660
[OK] 016790
[SNAPSHOT] done=45 suc=34 fail=11
[OK] 006570
[OK] 007820
[OK] 012210
[OK] 009300
[OK] 019490
[OK] 004890
[OK] 025890
[OK] 002690
[OK] 010660
[OK] 016790
[SNAPSHOT] done=45 suc=34 fail=11
[OK] 006570
[OK] 007820
[OK] 012210
[OK] 009300
[OK] 019490
[OK] 004890
[OK] 025890
[OK] 002690
[OK] 010660
[OK] 016790
[SNAPSHOT] done=45 suc=34 fail=11
[OK] 006570
[OK] 007820
[OK] 012210
[OK] 009300
[OK] 019490
[OK] 004890
[OK] 025890
[OK] 002690
[OK] 010660
[OK] 016790
[SNAPSHOT] done=45 suc=34 fail=11
[OK] 006570
[OK] 007820
[OK] 012210
[OK] 009300
[OK] 019490
[OK] 004890
[OK] 025890
[OK] 002690
[OK] 010660
[OK] 016790
[SNAPSHOT] done=45 suc=34 fail=11
[OK] 006570
[OK] 007820
[OK] 012210
[OK] 009300
[OK] 019490
[OK] 004890
[OK] 025890
[OK] 002690
[OK] 010660
[OK] 016790
[SNAPSHOT] done=45 suc=34 fail=11
[OK] 006570
[OK] 007820
[OK] 012210
[OK] 009300
[OK] 019490
[OK] 004890
[OK] 025890
[OK] 002690
[OK] 010660
[OK] 016790
[SNAPSHOT] done=45 suc=34 fail=11
[OK] 006570
[OK] 007820
[OK] 012210
[OK] 009300
[OK] 019490
[OK] 004890
[OK] 025890
[OK] 002690
[OK] 010660
[OK] 016790
[SNAPSHOT] done=45 suc=34 fail=11
[OK] 006570
[OK] 007820
[OK] 012210
[OK] 009300
[OK] 019490
[OK] 004890
[OK] 025890
[OK] 002690
[OK] 010660
[OK] 016790
[SNAPSHOT] done=45 suc=34 fail=11
[OK] 006570
[OK] 007820
[OK] 012210
[OK] 009300
[OK] 019490
[OK] 004890
[OK] 025890
[OK] 002690
[OK] 010660
[OK] 016790
[SNAPSHOT] done=45 suc=34 fail=11
[OK] 006570
[OK] 007820
[OK] 012210
[OK] 009300
[OK] 019490
[OK] 004890
[OK] 025890
[OK] 002690
[OK] 010660
[OK] 016790
[SNAPSHOT] done=45 suc=34 fail=11
[OK] 006570
[OK] 007820
[OK] 012210
[OK] 009300
[OK] 019490
[OK] 004890
[OK] 025890
[OK] 002690
[OK] 010660
[OK] 016790
[SNAPSHOT] done=45 suc=34 fail=11
[OK] 006570
[OK] 007820
[OK] 012210
[OK] 009300
[OK] 019490
[OK] 004890
[OK] 025890
[OK] 002690
[OK] 010660
[OK] 016790
[SNAPSHOT] done=45 suc=34 fail=11
[OK] 006570
[OK] 007820
[OK] 012210
[OK] 009300
[OK] 019490
[OK] 004890
[OK] 025890
[OK] 002690
[OK] 010660
[OK] 016790
[SNAPSHOT] done=45 suc=34 fail=11
[OK] 006570
[OK] 007820
[OK] 012210
[OK] 009300
[OK] 019490
[OK] 004890
[OK] 025890
[OK] 002690
[OK] 010660
[OK] 016790
[SNAPSHOT] done=45 suc=34 fail=11
[OK] 006570
[OK] 007820
[OK] 012210
[OK] 009300
[OK] 019490
[OK] 004890
[OK] 025890
[OK] 002690
[OK] 010660
[OK] 016790
[SNAPSHOT] done=45 suc=34 fail=11
[OK] 006570
[OK] 007820
[OK] 012210
[OK] 009300
[OK] 019490
[OK] 004890
[OK] 025890
[OK] 002690
[OK] 010660
[OK] 016790
[SNAPSHOT] done=45 suc=34 fail=11
[OK] 006570
[OK] 007820
[OK] 012210
[OK] 009300
[OK] 019490
[OK] 004890
[OK] 025890
[OK] 002690
[OK] 010660
[OK] 016790
[SNAPSHOT] done=45 suc=34 fail=11
[OK] 006570
[OK] 007820
[OK] 012210
[OK] 009300
[OK] 019490
[OK] 004890
[OK] 025890
[OK] 002690
[OK] 010660
[OK] 016790
[SNAPSHOT] done=45 suc=34 fail=11
[OK] 006570
[OK] 007820
[OK] 012210
[OK] 009300
[OK] 019490
[OK] 004890
[OK] 025890
[OK] 002690
[OK] 010660
[OK] 016790
[SNAPSHOT] done=45 suc=34 fail=11
[OK] 006570
[OK] 007820
[OK] 012210
[OK] 009300
[OK] 019490
[OK] 004890
[OK] 025890
[OK] 002690
[OK] 010660
[OK] 016790
[SNAPSHOT] done=47 suc=35 fail=12
[OK] 012210
[OK] 009300
[OK] 019490
[OK] 004890
[OK] 025890
[OK] 002690
[OK] 010660
[OK] 016790
[OK] 005740
[FAIL] 005745 (no_corp_code)
[SNAPSHOT] done=47 suc=35 fail=12
[OK] 012210
[OK] 009300
[OK] 019490
[OK] 004890
[OK] 025890
[OK] 002690
[OK] 010660
[OK] 016790
[OK] 005740
[FAIL] 005745 (no_corp_code)
[SNAPSHOT] done=47 suc=35 fail=12
[OK] 012210
[OK] 009300
[OK] 019490
[OK] 004890
[OK] 025890
[OK] 002690
[OK] 010660
[OK] 016790
[OK] 005740
[FAIL] 005745 (no_corp_code)
[SNAPSHOT] done=47 suc=35 fail=12
[OK] 012210
[OK] 009300
[OK] 019490
[OK] 004890
[OK] 025890
[OK] 002690
[OK] 010660
[OK] 016790
[OK] 005740
[FAIL] 005745 (no_corp_code)
[SNAPSHOT] done=47 suc=35 fail=12
[OK] 012210
[OK] 009300
[OK] 019490
[OK] 004890
[OK] 025890
[OK] 002690
[OK] 010660
[OK] 016790
[OK] 005740
[FAIL] 005745 (no_corp_code)
[SNAPSHOT] done=48 suc=36 fail=12
[OK] 009300
[OK] 019490
[OK] 004890
[OK] 025890
[OK] 002690
[OK] 010660
[OK] 016790
[OK] 005740
[FAIL] 005745 (no_corp_code)
[OK] 001810
[SNAPSHOT] done=50 suc=38 fail=12
[OK] 004890
[OK] 025890
[OK] 002690
[OK] 010660
[OK] 016790
[OK] 005740
[FAIL] 005745 (no_corp_code)
[OK] 001810
[OK] 001250
[OK] 006580
[SNAPSHOT] done=51 suc=39 fail=12
[OK] 025890
[OK] 002690
[OK] 010660
[OK] 016790
[OK] 005740
[FAIL] 005745 (no_corp_code)
[OK] 001810
[OK] 001250
[OK] 006580
[OK] 030610
[SNAPSHOT] done=51 suc=39 fail=12
[OK] 025890
[OK] 002690
[OK] 010660
[OK] 016790
[OK] 005740
[FAIL] 005745 (no_corp_code)
[OK] 001810
[OK] 001250
[OK] 006580
[OK] 030610
[SNAPSHOT] done=52 suc=40 fail=12
[OK] 002690
[OK] 010660
[OK] 016790
[OK] 005740
[FAIL] 005745 (no_corp_code)
[OK] 001810
[OK] 001250
[OK] 006580
[OK] 030610
[OK] 007860
[SNAPSHOT] done=52 suc=40 fail=12
[OK] 002690
[OK] 010660
[OK] 016790
[OK] 005740
[FAIL] 005745 (no_corp_code)
[OK] 001810
[OK] 001250
[OK] 006580
[OK] 030610
[OK] 007860
[SNAPSHOT] done=52 suc=40 fail=12
[OK] 002690
[OK] 010660
[OK] 016790
[OK] 005740
[FAIL] 005745 (no_corp_code)
[OK] 001810
[OK] 001250
[OK] 006580
[OK] 030610
[OK] 007860
[SNAPSHOT] done=52 suc=40 fail=12
[OK] 002690
[OK] 010660
[OK] 016790
[OK] 005740
[FAIL] 005745 (no_corp_code)
[OK] 001810
[OK] 001250
[OK] 006580
[OK] 030610
[OK] 007860
[SNAPSHOT] done=53 suc=41 fail=12
[OK] 010660
[OK] 016790
[OK] 005740
[FAIL] 005745 (no_corp_code)
[OK] 001810
[OK] 001250
[OK] 006580
[OK] 030610
[OK] 007860
[OK] 000030
[SNAPSHOT] done=53 suc=41 fail=12
[OK] 010660
[OK] 016790
[OK] 005740
[FAIL] 005745 (no_corp_code)
[OK] 001810
[OK] 001250
[OK] 006580
[OK] 030610
[OK] 007860
[OK] 000030
[SNAPSHOT] done=53 suc=41 fail=12
[OK] 010660
[OK] 016790
[OK] 005740
[FAIL] 005745 (no_corp_code)
[OK] 001810
[OK] 001250
[OK] 006580
[OK] 030610
[OK] 007860
[OK] 000030
[SNAPSHOT] done=53 suc=41 fail=12
[OK] 010660
[OK] 016790
[OK] 005740
[FAIL] 005745 (no_corp_code)
[OK] 001810
[OK] 001250
[OK] 006580
[OK] 030610
[OK] 007860
[OK] 000030
[SNAPSHOT] done=53 suc=41 fail=12
[OK] 010660
[OK] 016790
[OK] 005740
[FAIL] 005745 (no_corp_code)
[OK] 001810
[OK] 001250
[OK] 006580
[OK] 030610
[OK] 007860
[OK] 000030
[SNAPSHOT] done=53 suc=41 fail=12
[OK] 010660
[OK] 016790
[OK] 005740
[FAIL] 005745 (no_corp_code)
[OK] 001810
[OK] 001250
[OK] 006580
[OK] 030610
[OK] 007860
[OK] 000030
[SNAPSHOT] done=53 suc=41 fail=12
[OK] 010660
[OK] 016790
[OK] 005740
[FAIL] 005745 (no_corp_code)
[OK] 001810
[OK] 001250
[OK] 006580
[OK] 030610
[OK] 007860
[OK] 000030
[SNAPSHOT] done=53 suc=41 fail=12
[OK] 010660
[OK] 016790
[OK] 005740
[FAIL] 005745 (no_corp_code)
[OK] 001810
[OK] 001250
[OK] 006580
[OK] 030610
[OK] 007860
[OK] 000030
[SNAPSHOT] done=53 suc=41 fail=12
[OK] 010660
[OK] 016790
[OK] 005740
[FAIL] 005745 (no_corp_code)
[OK] 001810
[OK] 001250
[OK] 006580
[OK] 030610
[OK] 007860
[OK] 000030
[SNAPSHOT] done=53 suc=41 fail=12
[OK] 010660
[OK] 016790
[OK] 005740
[FAIL] 005745 (no_corp_code)
[OK] 001810
[OK] 001250
[OK] 006580
[OK] 030610
[OK] 007860
[OK] 000030
[SNAPSHOT] done=53 suc=41 fail=12
[OK] 010660
[OK] 016790
[OK] 005740
[FAIL] 005745 (no_corp_code)
[OK] 001810
[OK] 001250
[OK] 006580
[OK] 030610
[OK] 007860
[OK] 000030
[SNAPSHOT] done=53 suc=41 fail=12
[OK] 010660
[OK] 016790
[OK] 005740
[FAIL] 005745 (no_corp_code)
[OK] 001810
[OK] 001250
[OK] 006580
[OK] 030610
[OK] 007860
[OK] 000030
[SNAPSHOT] done=53 suc=41 fail=12
[OK] 010660
[OK] 016790
[OK] 005740
[FAIL] 005745 (no_corp_code)
[OK] 001810
[OK] 001250
[OK] 006580
[OK] 030610
[OK] 007860
[OK] 000030
[SNAPSHOT] done=53 suc=41 fail=12
[OK] 010660
[OK] 016790
[OK] 005740
[FAIL] 005745 (no_corp_code)
[OK] 001810
[OK] 001250
[OK] 006580
[OK] 030610
[OK] 007860
[OK] 000030
[SNAPSHOT] done=53 suc=41 fail=12
[OK] 010660
[OK] 016790
[OK] 005740
[FAIL] 005745 (no_corp_code)
[OK] 001810
[OK] 001250
[OK] 006580
[OK] 030610
[OK] 007860
[OK] 000030
[SNAPSHOT] done=53 suc=41 fail=12
[OK] 010660
[OK] 016790
[OK] 005740
[FAIL] 005745 (no_corp_code)
[OK] 001810
[OK] 001250
[OK] 006580
[OK] 030610
[OK] 007860
[OK] 000030
[SNAPSHOT] done=53 suc=41 fail=12
[OK] 010660
[OK] 016790
[OK] 005740
[FAIL] 005745 (no_corp_code)
[OK] 001810
[OK] 001250
[OK] 006580
[OK] 030610
[OK] 007860
[OK] 000030
